flexcomm_i2c_adapter.c:52:18:HAL_I2cGetStatus	24	static
flexcomm_i2c_adapter.c:96:13:HAL_I2cMasterCallback	40	static
flexcomm_i2c_adapter.c:109:13:HAL_I2cSlaveCallback	32	static
flexcomm_i2c_adapter.c:146:18:HAL_I2cMasterInit	32	static
flexcomm_i2c_adapter.c:171:18:HAL_I2cSlaveInit	32	static
flexcomm_i2c_adapter.c:196:18:HAL_I2cMasterDeinit	24	static
flexcomm_i2c_adapter.c:209:18:HAL_I2cSlaveDeinit	24	static
flexcomm_i2c_adapter.c:222:18:HAL_I2cMasterWriteBlocking	32	static
flexcomm_i2c_adapter.c:236:18:HAL_I2cMasterReadBlocking	32	static
flexcomm_i2c_adapter.c:250:18:HAL_I2cSlaveWriteBlocking	32	static
flexcomm_i2c_adapter.c:261:18:HAL_I2cSlaveReadBlocking	32	static
flexcomm_i2c_adapter.c:272:18:HAL_I2cMasterTransferBlocking	48	static
flexcomm_i2c_adapter.c:293:18:HAL_I2cMasterTransferInstallCallback	32	static
flexcomm_i2c_adapter.c:311:18:HAL_I2cMasterTransferNonBlocking	48	static
flexcomm_i2c_adapter.c:332:18:HAL_I2cMasterTransferGetCount	24	static
flexcomm_i2c_adapter.c:344:18:HAL_I2cMasterTransferAbort	24	static
flexcomm_i2c_adapter.c:355:18:HAL_I2cSlaveTransferInstallCallback	32	static
flexcomm_i2c_adapter.c:373:18:HAL_I2cSlaveTransferNonBlocking	24	static
flexcomm_i2c_adapter.c:385:18:HAL_I2cSlaveTransferAbort	24	static
flexcomm_i2c_adapter.c:398:18:HAL_I2cSlaveTransferGetCount	24	static
