Archive member included to satisfy reference by file (symbol)

/home/fenwick/Documents/MCUXpresso_11.1.1_3241/workspace/lpcxpresso55s69_dev_audio_speaker_freertos/libs/libpower_hardabi.a(fsl_power_lib.o)
                              ./drivers/fsl_clock.o (POWER_SetVoltageForFreq)
/usr/local/mcuxpressoide-11.1.1_3241/ide/plugins/com.nxp.mcuxpresso.tools.linux_11.1.0.202001081728/tools/bin/../lib/gcc/arm-none-eabi/8.3.1/../../../../arm-none-eabi/lib/thumb/v8-m.main+fp/hard/libcr_semihost_nf.a(_cr__main.o)
                              ./startup/startup_lpc55s69_cm33_core0.o (__main)
/usr/local/mcuxpressoide-11.1.1_3241/ide/plugins/com.nxp.mcuxpresso.tools.linux_11.1.0.202001081728/tools/bin/../lib/gcc/arm-none-eabi/8.3.1/../../../../arm-none-eabi/lib/thumb/v8-m.main+fp/hard/libcr_c.a(memcpy.o)
                              ./usb/device/source/lpcip3511/usb_device_lpcip3511.o (memcpy)
/usr/local/mcuxpressoide-11.1.1_3241/ide/plugins/com.nxp.mcuxpresso.tools.linux_11.1.0.202001081728/tools/bin/../lib/gcc/arm-none-eabi/8.3.1/../../../../arm-none-eabi/lib/thumb/v8-m.main+fp/hard/libcr_c.a(memset.o)
                              ./source/audio_speaker.o (memset)
/usr/local/mcuxpressoide-11.1.1_3241/ide/plugins/com.nxp.mcuxpresso.tools.linux_11.1.0.202001081728/tools/bin/../lib/gcc/arm-none-eabi/8.3.1/../../../../arm-none-eabi/lib/thumb/v8-m.main+fp/hard/libcr_c.a(alloc.o)
                              ./drivers/fsl_common.o (malloc)
/usr/local/mcuxpressoide-11.1.1_3241/ide/plugins/com.nxp.mcuxpresso.tools.linux_11.1.0.202001081728/tools/bin/../lib/gcc/arm-none-eabi/8.3.1/../../../../arm-none-eabi/lib/thumb/v8-m.main+fp/hard/libcr_c.a(initio.o)
                              /usr/local/mcuxpressoide-11.1.1_3241/ide/plugins/com.nxp.mcuxpresso.tools.linux_11.1.0.202001081728/tools/bin/../lib/gcc/arm-none-eabi/8.3.1/../../../../arm-none-eabi/lib/thumb/v8-m.main+fp/hard/libcr_semihost_nf.a(_cr__main.o) (_initio)
/usr/local/mcuxpressoide-11.1.1_3241/ide/plugins/com.nxp.mcuxpresso.tools.linux_11.1.0.202001081728/tools/bin/../lib/gcc/arm-none-eabi/8.3.1/../../../../arm-none-eabi/lib/thumb/v8-m.main+fp/hard/libcr_c.a(printf.o)
                              ./amazon-freertos/freertos_kernel/tasks.o (_sprintf)
/usr/local/mcuxpressoide-11.1.1_3241/ide/plugins/com.nxp.mcuxpresso.tools.linux_11.1.0.202001081728/tools/bin/../lib/gcc/arm-none-eabi/8.3.1/../../../../arm-none-eabi/lib/thumb/v8-m.main+fp/hard/libcr_c.a(setvbuf.o)
                              /usr/local/mcuxpressoide-11.1.1_3241/ide/plugins/com.nxp.mcuxpresso.tools.linux_11.1.0.202001081728/tools/bin/../lib/gcc/arm-none-eabi/8.3.1/../../../../arm-none-eabi/lib/thumb/v8-m.main+fp/hard/libcr_c.a(initio.o) (setvbuf)
/usr/local/mcuxpressoide-11.1.1_3241/ide/plugins/com.nxp.mcuxpresso.tools.linux_11.1.0.202001081728/tools/bin/../lib/gcc/arm-none-eabi/8.3.1/../../../../arm-none-eabi/lib/thumb/v8-m.main+fp/hard/libcr_c.a(strcpy.o)
                              ./amazon-freertos/freertos_kernel/tasks.o (strcpy)
/usr/local/mcuxpressoide-11.1.1_3241/ide/plugins/com.nxp.mcuxpresso.tools.linux_11.1.0.202001081728/tools/bin/../lib/gcc/arm-none-eabi/8.3.1/../../../../arm-none-eabi/lib/thumb/v8-m.main+fp/hard/libcr_c.a(strlen.o)
                              ./utilities/fsl_str.o (strlen)
/usr/local/mcuxpressoide-11.1.1_3241/ide/plugins/com.nxp.mcuxpresso.tools.linux_11.1.0.202001081728/tools/bin/../lib/gcc/arm-none-eabi/8.3.1/../../../../arm-none-eabi/lib/thumb/v8-m.main+fp/hard/libcr_c.a(__init_alloc.o)
                              /usr/local/mcuxpressoide-11.1.1_3241/ide/plugins/com.nxp.mcuxpresso.tools.linux_11.1.0.202001081728/tools/bin/../lib/gcc/arm-none-eabi/8.3.1/../../../../arm-none-eabi/lib/thumb/v8-m.main+fp/hard/libcr_c.a(alloc.o) (__heaps)
/usr/local/mcuxpressoide-11.1.1_3241/ide/plugins/com.nxp.mcuxpresso.tools.linux_11.1.0.202001081728/tools/bin/../lib/gcc/arm-none-eabi/8.3.1/../../../../arm-none-eabi/lib/thumb/v8-m.main+fp/hard/libcr_c.a(_cr_sbrk.o)
                              /usr/local/mcuxpressoide-11.1.1_3241/ide/plugins/com.nxp.mcuxpresso.tools.linux_11.1.0.202001081728/tools/bin/../lib/gcc/arm-none-eabi/8.3.1/../../../../arm-none-eabi/lib/thumb/v8-m.main+fp/hard/libcr_c.a(alloc.o) (_sbrk)
/usr/local/mcuxpressoide-11.1.1_3241/ide/plugins/com.nxp.mcuxpresso.tools.linux_11.1.0.202001081728/tools/bin/../lib/gcc/arm-none-eabi/8.3.1/../../../../arm-none-eabi/lib/thumb/v8-m.main+fp/hard/libcr_c.a(_deferredlazyseek.o)
                              /usr/local/mcuxpressoide-11.1.1_3241/ide/plugins/com.nxp.mcuxpresso.tools.linux_11.1.0.202001081728/tools/bin/../lib/gcc/arm-none-eabi/8.3.1/../../../../arm-none-eabi/lib/thumb/v8-m.main+fp/hard/libcr_c.a(printf.o) (__flsbuf)
/usr/local/mcuxpressoide-11.1.1_3241/ide/plugins/com.nxp.mcuxpresso.tools.linux_11.1.0.202001081728/tools/bin/../lib/gcc/arm-none-eabi/8.3.1/../../../../arm-none-eabi/lib/thumb/v8-m.main+fp/hard/libcr_c.a(_fdopen.o)
[...]
Memory Configuration

Name             Origin             Length             Attributes
PROGRAM_FLASH    0x0000000000000000 0x0000000000098000 xr
SRAM             0x0000000020000000 0x0000000000040000 xrw
SRAM4            0x0000000020040000 0x0000000000004000 xrw
SRAMX            0x0000000004000000 0x0000000000008000 xrw
USB_RAM          0x0000000040100000 0x0000000000004000 xrw
*default*        0x0000000000000000 0xffffffffffffffff

Linker script and memory map

LOAD ./utilities/fsl_assert.o
LOAD ./utilities/fsl_debug_console.o
LOAD ./utilities/fsl_str.o
LOAD ./usb/phy/usb_phy.o
LOAD ./usb/device/source/lpcip3511/usb_device_lpcip3511.o
LOAD ./usb/device/source/usb_device_ch9.o
LOAD ./usb/device/source/usb_device_dci.o
LOAD ./usb/device/class/audio/usb_device_audio.o
LOAD ./usb/device/class/usb_device_class.o
LOAD ./startup/boot_multicore_slave.o
LOAD ./startup/startup_lpc55s69_cm33_core0.o
LOAD ./source/audio_speaker.o
LOAD ./source/semihost_hardfault.o
LOAD ./source/usb_device_descriptor.o
LOAD ./drivers/fsl_clock.o
LOAD ./drivers/fsl_common.o
LOAD ./drivers/fsl_dma.o
LOAD ./drivers/fsl_flexcomm.o
LOAD ./drivers/fsl_gpio.o
LOAD ./drivers/fsl_i2c.o
LOAD ./drivers/fsl_i2s.o
LOAD ./drivers/fsl_i2s_dma.o
LOAD ./drivers/fsl_power.o
LOAD ./drivers/fsl_reset.o
LOAD ./drivers/fsl_usart.o
LOAD ./device/system_LPC55S69_cm33_core0.o
LOAD ./component/uart/usart_adapter.o
LOAD ./component/serial_manager/serial_manager.o
LOAD ./component/serial_manager/serial_port_uart.o
LOAD ./component/osa/fsl_os_abstraction_free_rtos.o
LOAD ./component/lists/generic_list.o
LOAD ./component/i2c/flexcomm_i2c_adapter.o
LOAD ./codec/fsl_codec_adapter.o
LOAD ./codec/fsl_codec_common.o
LOAD ./codec/fsl_codec_i2c.o
LOAD ./codec/fsl_wm8904.o
LOAD ./board/board.o
LOAD ./board/clock_config.o
LOAD ./board/pin_mux.o
LOAD ./amazon-freertos/freertos_kernel/portable/MemMang/heap_4.o
LOAD ./amazon-freertos/freertos_kernel/portable/GCC/ARM_CM33_NTZ/non_secure/port.o
LOAD ./amazon-freertos/freertos_kernel/portable/GCC/ARM_CM33_NTZ/non_secure/portasm.o
LOAD ./amazon-freertos/freertos_kernel/event_groups.o
LOAD ./amazon-freertos/freertos_kernel/list.o
LOAD ./amazon-freertos/freertos_kernel/queue.o
LOAD ./amazon-freertos/freertos_kernel/stream_buffer.o
LOAD ./amazon-freertos/freertos_kernel/tasks.o
LOAD ./amazon-freertos/freertos_kernel/timers.o
LOAD /home/fenwick/Documents/MCUXpresso_11.1.1_3241/workspace/lpcxpresso55s69_dev_audio_speaker_freertos/libs/libpower_hardabi.a
START GROUP
LOAD /usr/local/mcuxpressoide-11.1.1_3241/ide/plugins/com.nxp.mcuxpresso.tools.linux_11.1.0.202001081728/tools/bin/../lib/gcc/arm-none-eabi/8.3.1/../../../../arm-none-eabi/lib/thumb/v8-m.main+fp/hard/libcr_semihost_nf.a
LOAD /usr/local/mcuxpressoide-11.1.1_3241/ide/plugins/com.nxp.mcuxpresso.tools.linux_11.1.0.202001081728/tools/bin/../lib/gcc/arm-none-eabi/8.3.1/../../../../arm-none-eabi/lib/thumb/v8-m.main+fp/hard/libcr_c.a
LOAD /usr/local/mcuxpressoide-11.1.1_3241/ide/plugins/com.nxp.mcuxpresso.tools.linux_11.1.0.202001081728/tools/bin/../lib/gcc/arm-none-eabi/8.3.1/thumb/v8-m.main+fp/hard/libcr_eabihelpers.a
LOAD /usr/local/mcuxpressoide-11.1.1_3241/ide/plugins/com.nxp.mcuxpresso.tools.linux_11.1.0.202001081728/tools/bin/../lib/gcc/arm-none-eabi/8.3.1/thumb/v8-m.main+fp/hard/libgcc.a
END GROUP
                0x0000000000000000                __base_PROGRAM_FLASH = 0x0
                0x0000000000000000                __base_Flash = 0x0
                0x0000000000098000                __top_PROGRAM_FLASH = 0x98000
                0x0000000000098000                __top_Flash = 0x98000
                0x0000000020000000                __base_SRAM = 0x20000000
                0x0000000020000000                __base_RAM = 0x20000000
                0x0000000020040000                __top_SRAM = 0x20040000
                0x0000000020040000                __top_RAM = 0x20040000
                0x0000000020040000                __base_SRAM4 = 0x20040000
                0x0000000020040000                __base_RAM2 = 0x20040000
                0x0000000020044000                __top_SRAM4 = 0x20044000
                0x0000000020044000                __top_RAM2 = 0x20044000
                0x0000000004000000                __base_SRAMX = 0x4000000
                0x0000000004000000                __base_RAM3 = 0x4000000
                0x0000000004008000                __top_SRAMX = 0x4008000
                0x0000000004008000                __top_RAM3 = 0x4008000
                0x0000000040100000                __base_USB_RAM = 0x40100000
                0x0000000040100000                __base_RAM4 = 0x40100000
                0x0000000040104000                __top_USB_RAM = 0x40104000
                0x0000000040104000                __top_RAM4 = 0x40104000

.text           0x0000000000000000     0x9580
 FILL mask 0xff
                0x0000000000000000                __vectors_start__ = ABSOLUTE (.)
 *(SORT_BY_ALIGNMENT(.isr_vector))
 .isr_vector    0x0000000000000000      0x130 ./startup/startup_lpc55s69_cm33_core0.o
                0x0000000000000000                __Vectors
                0x0000000000000000                g_pfnVectors
                0x0000000000000130                . = ALIGN (0x4)
                0x0000000000000130                __section_table_start = .
                0x0000000000000130                __data_section_table = .
                0x0000000000000130        0x4 LONG 0x9580 LOADADDR (.data)
                0x0000000000000134        0x4 LONG 0x20000000 ADDR (.data)
                0x0000000000000138        0x4 LONG 0xc0 SIZEOF (.data)
                0x000000000000013c        0x4 LONG 0x9580 LOADADDR (.data_RAM2)
                0x0000000000000140        0x4 LONG 0x20040000 ADDR (.data_RAM2)
                0x0000000000000144        0x4 LONG 0x0 SIZEOF (.data_RAM2)
                0x0000000000000148        0x4 LONG 0x9580 LOADADDR (.data_RAM3)
                0x000000000000014c        0x4 LONG 0x4000000 ADDR (.data_RAM3)
                0x0000000000000150        0x4 LONG 0x0 SIZEOF (.data_RAM3)
                0x0000000000000154        0x4 LONG 0x9580 LOADADDR (.data_RAM4)
                0x0000000000000158        0x4 LONG 0x40100000 ADDR (.data_RAM4)
                0x000000000000015c        0x4 LONG 0x0 SIZEOF (.data_RAM4)
                0x0000000000000160                __data_section_table_end = .
                0x0000000000000160                __bss_section_table = .
                0x0000000000000160        0x4 LONG 0x20000200 ADDR (.bss)
                0x0000000000000164        0x4 LONG 0x644c SIZEOF (.bss)
                0x0000000000000168        0x4 LONG 0x20040000 ADDR (.bss_RAM2)
                0x000000000000016c        0x4 LONG 0x0 SIZEOF (.bss_RAM2)
                0x0000000000000170        0x4 LONG 0x4000000 ADDR (.bss_RAM3)
                0x0000000000000174        0x4 LONG 0x0 SIZEOF (.bss_RAM3)
                0x0000000000000178        0x4 LONG 0x40100000 ADDR (.bss_RAM4)
                0x000000000000017c        0x4 LONG 0x0 SIZEOF (.bss_RAM4)
                0x0000000000000180                __bss_section_table_end = .
                0x0000000000000180                __section_table_end = .
 *(SORT_BY_ALIGNMENT(.after_vectors*))
 .after_vectors.reset
                0x0000000000000180       0x4c ./startup/startup_lpc55s69_cm33_core0.o
                0x0000000000000180                ResetISR
 .after_vectors.init_data
                0x00000000000001cc       0x1e ./startup/startup_lpc55s69_cm33_core0.o
                0x00000000000001cc                data_init
 .after_vectors.init_bss
                0x00000000000001ea       0x12 ./startup/startup_lpc55s69_cm33_core0.o
                0x00000000000001ea                bss_init
 .after_vectors
                0x00000000000001fc       0x16 ./startup/startup_lpc55s69_cm33_core0.o
                0x00000000000001fc                NMI_Handler
                0x0000000000000200                MemManage_Handler
                0x0000000000000202                BusFault_Handler
                0x0000000000000204                UsageFault_Handler
                0x0000000000000206                SecureFault_Handler
                0x000000000000020a                DebugMon_Handler
                0x0000000000000210                Reserved39_DriverIRQHandler
                0x0000000000000210                Reserved42_DriverIRQHandler
                0x0000000000000210                SEC_VIO_DriverIRQHandler
                0x0000000000000210                PIN_INT3_DriverIRQHandler
                0x0000000000000210                PIN_INT2_DriverIRQHandler
                0x0000000000000210                Reserved56_DriverIRQHandler
                0x0000000000000210                PIN_INT0_DriverIRQHandler
                0x0000000000000210                CTIMER2_DriverIRQHandler
                0x0000000000000210                IntDefaultHandler
                0x0000000000000210                USB0_DriverIRQHandler
                0x0000000000000210                CASER_DriverIRQHandler
                0x0000000000000210                MRT0_DriverIRQHandler
                0x0000000000000210                UTICK0_DriverIRQHandler
                0x0000000000000210                Reserved41_DriverIRQHandler
                0x0000000000000210                PIN_INT4_DriverIRQHandler
                0x0000000000000210                PIN_INT5_DriverIRQHandler
                0x0000000000000210                SEC_GPIO_INT0_IRQ0_DriverIRQHandler
                0x0000000000000210                CTIMER4_DriverIRQHandler
                0x0000000000000210                GINT1_DriverIRQHandler
                0x0000000000000210                PIN_INT7_DriverIRQHandler
                0x0000000000000210                Reserved55_DriverIRQHandler
                0x0000000000000210                HASHCRYPT_DriverIRQHandler
                0x0000000000000210                USB0_NEEDCLK_DriverIRQHandler
                0x0000000000000210                CTIMER0_DriverIRQHandler
                0x0000000000000210                CTIMER1_DriverIRQHandler
                0x0000000000000210                PIN_INT6_DriverIRQHandler
                0x0000000000000210                PQ_DriverIRQHandler
                0x0000000000000210                MAILBOX_DriverIRQHandler
                0x0000000000000210                PIN_INT1_DriverIRQHandler
                0x0000000000000210                CTIMER3_DriverIRQHandler
                0x0000000000000210                Reserved61_DriverIRQHandler
                0x0000000000000210                SEC_GPIO_INT0_IRQ1_DriverIRQHandler
                0x0000000000000210                PUF_DriverIRQHandler
                0x0000000000000210                RTC_DriverIRQHandler
                0x0000000000000210                USB1_DriverIRQHandler
                0x0000000000000210                Reserved60_DriverIRQHandler
                0x0000000000000210                ADC0_DriverIRQHandler
                0x0000000000000210                USB1_NEEDCLK_DriverIRQHandler
                0x0000000000000210                Reserved59_DriverIRQHandler
                0x0000000000000210                SDIO_DriverIRQHandler
                0x0000000000000210                GINT0_DriverIRQHandler
                0x0000000000000210                USB1_PHY_DriverIRQHandler
                0x0000000000000210                ACMP_DriverIRQHandler
                0x0000000000000210                Reserved57_DriverIRQHandler
                0x0000000000000210                Reserved46_DriverIRQHandler
                0x0000000000000210                WDT_BOD_DriverIRQHandler
                0x0000000000000210                SCT0_DriverIRQHandler
                0x0000000000000210                PLU_DriverIRQHandler
                0x0000000000000210                OS_EVENT_DriverIRQHandler
                0x0000000000000210                SEC_HYPERVISOR_CALL_DriverIRQHandler
 *(SORT_BY_ALIGNMENT(.text*))
 *fill*         0x0000000000000212        0xe ff
 .text.vRestoreContextOfFirstTask
                0x0000000000000220       0x28 ./amazon-freertos/freertos_kernel/portable/GCC/ARM_CM33_NTZ/non_secure/portasm.o
                0x0000000000000220                vRestoreContextOfFirstTask
 *fill*         0x0000000000000248        0x8 ff
 .text.vStartFirstTask
                0x0000000000000250       0x28 ./amazon-freertos/freertos_kernel/portable/GCC/ARM_CM33_NTZ/non_secure/portasm.o
                0x0000000000000250                vStartFirstTask
 *fill*         0x0000000000000278        0x8 ff
 .text.PendSV_Handler
                0x0000000000000280       0x38 ./amazon-freertos/freertos_kernel/portable/GCC/ARM_CM33_NTZ/non_secure/portasm.o
                0x0000000000000280                PendSV_Handler
 *fill*         0x00000000000002b8        0x8 ff
 .text.SVC_Handler
                0x00000000000002c0       0x28 ./amazon-freertos/freertos_kernel/portable/GCC/ARM_CM33_NTZ/non_secure/portasm.o
                0x00000000000002c0                SVC_Handler
 .text.__assertion_failed
                0x00000000000002e8       0x18 ./utilities/fsl_assert.o
                0x00000000000002e8                __assertion_failed
 .text.__NVIC_EnableIRQ
                0x0000000000000300       0x3c ./source/audio_speaker.o
 .text.__NVIC_ClearPendingIRQ
                0x000000000000033c       0x3c ./source/audio_speaker.o
 .text.DMA_EnableChannel
                0x0000000000000378       0x58 ./source/audio_speaker.o
 .text.DMA_SetChannelPriority
                0x00000000000003d0       0x4c ./source/audio_speaker.o
 .text.BOARD_Codec_Init
                0x000000000000041c       0x2c ./source/audio_speaker.o
                0x000000000000041c                BOARD_Codec_Init
 .text.I2S_USB_Audio_TxInit
                0x0000000000000448       0x40 ./source/audio_speaker.o
                0x0000000000000448                I2S_USB_Audio_TxInit
 .text.BOARD_USB_Audio_TxInit
                0x0000000000000488       0x1c ./source/audio_speaker.o
                0x0000000000000488                BOARD_USB_Audio_TxInit
 .text.TxCallback
                0x00000000000004a4       0xb4 ./source/audio_speaker.o
 .text.BOARD_DMA_EDMA_Config
                0x0000000000000558       0x24 ./source/audio_speaker.o
                0x0000000000000558                BOARD_DMA_EDMA_Config
 .text.BOARD_Create_Audio_DMA_EDMA_Handle
                0x000000000000057c       0x1c ./source/audio_speaker.o
                0x000000000000057c                BOARD_Create_Audio_DMA_EDMA_Handle
 .text.BOARD_DMA_EDMA_Start
                0x0000000000000598       0x58 ./source/audio_speaker.o
                0x0000000000000598                BOARD_DMA_EDMA_Start
 .text.Init_Board_Audio
                0x00000000000005f0      0x138 ./source/audio_speaker.o
                0x00000000000005f0                Init_Board_Audio
 .text.main     0x0000000000000728      0x1b4 ./source/audio_speaker.o
                0x0000000000000728                main
 .text.POWER_EnablePD
                0x00000000000008dc       0x20 ./drivers/fsl_clock.o
 .text.POWER_DisablePD
                0x00000000000008fc       0x20 ./drivers/fsl_clock.o
 .text.CLOCK_AttachClk
                0x000000000000091c       0x98 ./drivers/fsl_clock.o
                0x000000000000091c                CLOCK_AttachClk
 .text.CLOCK_SetClkDiv
                0x00000000000009b4       0x5c ./drivers/fsl_clock.o
                0x00000000000009b4                CLOCK_SetClkDiv
 .text.CLOCK_SetupFROClocking
                0x0000000000000a10       0x80 ./drivers/fsl_clock.o
                0x0000000000000a10                CLOCK_SetupFROClocking
 .text.CLOCK_SetFLASHAccessCyclesForFreq
                0x0000000000000a90      0x148 ./drivers/fsl_clock.o
                0x0000000000000a90                CLOCK_SetFLASHAccessCyclesForFreq
 .text.CLOCK_GetFro1MFreq
                0x0000000000000bd8       0x28 ./drivers/fsl_clock.o
                0x0000000000000bd8                CLOCK_GetFro1MFreq
 .text.CLOCK_GetExtClkFreq
                0x0000000000000c00       0x2c ./drivers/fsl_clock.o
                0x0000000000000c00                CLOCK_GetExtClkFreq
 .text.CLOCK_GetPll0OutFreq
                0x0000000000000c2c       0x18 ./drivers/fsl_clock.o
                0x0000000000000c2c                CLOCK_GetPll0OutFreq
 .text.CLOCK_GetOsc32KFreq
                0x0000000000000c44       0x58 ./drivers/fsl_clock.o
                0x0000000000000c44                CLOCK_GetOsc32KFreq
 .text.CLOCK_GetPLL0InClockRate
                0x0000000000000c9c       0x64 ./drivers/fsl_clock.o
                0x0000000000000c9c                CLOCK_GetPLL0InClockRate
 .text.CLOCK_SetPLL0Freq
                0x0000000000000d00      0x12c ./drivers/fsl_clock.o
                0x0000000000000d00                CLOCK_SetPLL0Freq
 .text.SDK_DelayAtLeastUs
                0x0000000000000e2c       0x90 ./drivers/fsl_common.o
                0x0000000000000e2c                SDK_DelayAtLeastUs
 .text.__NVIC_EnableIRQ
                0x0000000000000ebc       0x3c ./drivers/fsl_dma.o
 .text.DMA_EnableChannelInterrupts
                0x0000000000000ef8       0x58 ./drivers/fsl_dma.o
 .text.DMA_EnableChannel
                0x0000000000000f50       0x58 ./drivers/fsl_dma.o
 .text.DMA_DisableChannel
                0x0000000000000fa8       0x58 ./drivers/fsl_dma.o
 .text.DMA_GetInstance
                0x0000000000001000       0x4c ./drivers/fsl_dma.o
 .text.DMA_Init
                0x000000000000104c       0x68 ./drivers/fsl_dma.o
                0x000000000000104c                DMA_Init
 .text.DMA_SetupDescriptor
                0x00000000000010b4      0x124 ./drivers/fsl_dma.o
                0x00000000000010b4                DMA_SetupDescriptor
 .text.DMA_AbortTransfer
                0x00000000000011d8       0xa8 ./drivers/fsl_dma.o
                0x00000000000011d8                DMA_AbortTransfer
 .text.DMA_CreateHandle
                0x0000000000001280       0x88 ./drivers/fsl_dma.o
                0x0000000000001280                DMA_CreateHandle
 .text.DMA_SetCallback
                0x0000000000001308       0x30 ./drivers/fsl_dma.o
                0x0000000000001308                DMA_SetCallback
 .text.DMA_SubmitChannelTransferParameter
                0x0000000000001338       0x84 ./drivers/fsl_dma.o
                0x0000000000001338                DMA_SubmitChannelTransferParameter
 .text.DMA_StartTransfer
                0x00000000000013bc       0x80 ./drivers/fsl_dma.o
                0x00000000000013bc                DMA_StartTransfer
 .text.DMA_IRQHandle
                0x000000000000143c      0x168 ./drivers/fsl_dma.o
                0x000000000000143c                DMA_IRQHandle
 .text.DMA0_DriverIRQHandler
                0x00000000000015a4       0x14 ./drivers/fsl_dma.o
                0x00000000000015a4                DMA0_DriverIRQHandler
 .text.DMA1_DriverIRQHandler
                0x00000000000015b8       0x14 ./drivers/fsl_dma.o
                0x00000000000015b8                DMA1_DriverIRQHandler
 .text.FLEXCOMM_GetInstance
                0x00000000000015cc       0x50 ./drivers/fsl_flexcomm.o
                0x00000000000015cc                FLEXCOMM_GetInstance
 .text.FLEXCOMM_Init
                0x000000000000161c       0x50 ./drivers/fsl_flexcomm.o
                0x000000000000161c                FLEXCOMM_Init
 .text.FLEXCOMM0_DriverIRQHandler
                0x000000000000166c       0x38 ./drivers/fsl_flexcomm.o
                0x000000000000166c                FLEXCOMM0_DriverIRQHandler
 .text.FLEXCOMM1_DriverIRQHandler
                0x00000000000016a4       0x38 ./drivers/fsl_flexcomm.o
                0x00000000000016a4                FLEXCOMM1_DriverIRQHandler
 .text.FLEXCOMM2_DriverIRQHandler
                0x00000000000016dc       0x38 ./drivers/fsl_flexcomm.o
                0x00000000000016dc                FLEXCOMM2_DriverIRQHandler
 .text.FLEXCOMM3_DriverIRQHandler
                0x0000000000001714       0x38 ./drivers/fsl_flexcomm.o
                0x0000000000001714                FLEXCOMM3_DriverIRQHandler
 .text.FLEXCOMM4_DriverIRQHandler
                0x000000000000174c       0x38 ./drivers/fsl_flexcomm.o
                0x000000000000174c                FLEXCOMM4_DriverIRQHandler
 .text.FLEXCOMM5_DriverIRQHandler
                0x0000000000001784       0x38 ./drivers/fsl_flexcomm.o
                0x0000000000001784                FLEXCOMM5_DriverIRQHandler
 .text.FLEXCOMM6_DriverIRQHandler
                0x00000000000017bc       0x38 ./drivers/fsl_flexcomm.o
                0x00000000000017bc                FLEXCOMM6_DriverIRQHandler
 .text.FLEXCOMM7_DriverIRQHandler
                0x00000000000017f4       0x38 ./drivers/fsl_flexcomm.o
                0x00000000000017f4                FLEXCOMM7_DriverIRQHandler
 .text.FLEXCOMM8_DriverIRQHandler
                0x000000000000182c       0x38 ./drivers/fsl_flexcomm.o
                0x000000000000182c                FLEXCOMM8_DriverIRQHandler
 .text.I2C_MasterGetDefaultConfig
                0x0000000000001864       0x30 ./drivers/fsl_i2c.o
                0x0000000000001864                I2C_MasterGetDefaultConfig
 .text.I2C_MasterSetBaudRate
                0x0000000000001894       0xd4 ./drivers/fsl_i2c.o
                0x0000000000001894                I2C_MasterSetBaudRate
 .text.I2C_MasterWriteBlocking
                0x0000000000001968      0x114 ./drivers/fsl_i2c.o
                0x0000000000001968                I2C_MasterWriteBlocking
 .text.I2C_MasterReadBlocking
                0x0000000000001a7c       0xf0 ./drivers/fsl_i2c.o
                0x0000000000001a7c                I2C_MasterReadBlocking
 .text.I2C_MasterTransferBlocking
                0x0000000000001b6c      0x14c ./drivers/fsl_i2c.o
                0x0000000000001b6c                I2C_MasterTransferBlocking
 .text.I2S_Config
                0x0000000000001cb8       0xf0 ./drivers/fsl_i2s.o
 .text.DMA_EnableChannelInterrupts
                0x0000000000001da8       0x58 ./drivers/fsl_i2s_dma.o
 .text.DMA_DisableChannelInterrupts
                0x0000000000001e00       0x58 ./drivers/fsl_i2s_dma.o
 .text.DMA_EnableChannelPeriphRq
                0x0000000000001e58       0x40 ./drivers/fsl_i2s_dma.o
 .text.I2S_EnqueueUserBuffer
                0x0000000000001e98      0x134 ./drivers/fsl_i2s_dma.o
 .text.I2S_GetInstance
                0x0000000000001fcc       0x44 ./drivers/fsl_i2s_dma.o
 .text.I2S_TxTransferCreateHandleDMA
                0x0000000000002010       0xd0 ./drivers/fsl_i2s_dma.o
                0x0000000000002010                I2S_TxTransferCreateHandleDMA
 .text.I2S_TransferAbortDMA
                0x00000000000020e0      0x110 ./drivers/fsl_i2s_dma.o
                0x00000000000020e0                I2S_TransferAbortDMA
 .text.I2S_GetTransferBytes
                0x00000000000021f0       0x64 ./drivers/fsl_i2s_dma.o
 .text.I2S_StartTransferDMA
                0x0000000000002254      0x248 ./drivers/fsl_i2s_dma.o
 .text.I2S_AddTransferDMA
                0x000000000000249c      0x22c ./drivers/fsl_i2s_dma.o
 .text.RESET_SetPeripheralReset
                0x00000000000026c8       0x5c ./drivers/fsl_reset.o
                0x00000000000026c8                RESET_SetPeripheralReset
 .text.RESET_ClearPeripheralReset
                0x0000000000002724       0x5c ./drivers/fsl_reset.o
                0x0000000000002724                RESET_ClearPeripheralReset
 .text.SystemInit
                0x0000000000002780       0x64 ./device/system_LPC55S69_cm33_core0.o
                0x0000000000002780                SystemInit
 .text.HAL_I2cMasterInit
                0x00000000000027e4       0x78 ./component/i2c/flexcomm_i2c_adapter.o
                0x00000000000027e4                HAL_I2cMasterInit
 .text.HAL_I2cMasterTransferBlocking
                0x000000000000285c       0x94 ./component/i2c/flexcomm_i2c_adapter.o
                0x000000000000285c                HAL_I2cMasterTransferBlocking
 .text.HAL_CODEC_Init
                0x00000000000028f0       0x4c ./codec/fsl_codec_adapter.o
                0x00000000000028f0                HAL_CODEC_Init
 .text.HAL_CODEC_SetVolume
                0x000000000000293c       0x34 ./codec/fsl_codec_adapter.o
                0x000000000000293c                HAL_CODEC_SetVolume
 .text.HAL_CODEC_SetMute
                0x0000000000002970       0x38 ./codec/fsl_codec_adapter.o
                0x0000000000002970                HAL_CODEC_SetMute
 .text.HAL_CODEC_SetPower
                0x00000000000029a8       0x6c ./codec/fsl_codec_adapter.o
                0x00000000000029a8                HAL_CODEC_SetPower
 .text.HAL_CODEC_SetPlay
                0x0000000000002a14       0x30 ./codec/fsl_codec_adapter.o
                0x0000000000002a14                HAL_CODEC_SetPlay
 .text.CODEC_Init
                0x0000000000002a44       0x38 ./codec/fsl_codec_common.o
                0x0000000000002a44                CODEC_Init
 .text.CODEC_SetVolume
                0x0000000000002a7c       0x70 ./codec/fsl_codec_common.o
                0x0000000000002a7c                CODEC_SetVolume
 .text.CODEC_SetMute
                0x0000000000002aec       0x64 ./codec/fsl_codec_common.o
                0x0000000000002aec                CODEC_SetMute
 .text.CODEC_SetPower
                0x0000000000002b50       0x6c ./codec/fsl_codec_common.o
                0x0000000000002b50                CODEC_SetPower
 .text.CODEC_SetPlay
                0x0000000000002bbc       0x5c ./codec/fsl_codec_common.o
                0x0000000000002bbc                CODEC_SetPlay
 .text.WM8904_WriteRegister
                0x0000000000002c18       0x6c ./codec/fsl_wm8904.o
                0x0000000000002c18                WM8904_WriteRegister
 .text.WM8904_ReadRegister
                0x0000000000002c84       0x78 ./codec/fsl_wm8904.o
                0x0000000000002c84                WM8904_ReadRegister
 .text.WM8904_Init
                0x0000000000002cfc      0x37c ./codec/fsl_wm8904.o
                0x0000000000002cfc                WM8904_Init
 .text.WM8904_SeMasterClock
                0x0000000000003078      0x2a0 ./codec/fsl_wm8904.o
                0x0000000000003078                WM8904_SeMasterClock
 .text.WM8904_SetFLLConfig
                0x0000000000003318      0x2bc ./codec/fsl_wm8904.o
                0x0000000000003318                WM8904_SetFLLConfig
 .text.WM8904_CheckAudioFormat
                0x00000000000035d4      0x180 ./codec/fsl_wm8904.o
                0x00000000000035d4                WM8904_CheckAudioFormat
 .text.WM8904_SetModulePower
                0x0000000000003754       0xd4 ./codec/fsl_wm8904.o
                0x0000000000003754                WM8904_SetModulePower
 .text.WM8904_SetRecord
                0x0000000000003828       0xc4 ./codec/fsl_wm8904.o
                0x0000000000003828                WM8904_SetRecord
 .text.BOARD_InitDebugConsole
                0x00000000000038ec       0x38 ./board/board.o
                0x00000000000038ec                BOARD_InitDebugConsole
 .text.POWER_DisablePD
                0x0000000000003924       0x20 ./board/clock_config.o
 .text.BOARD_BootClockFROHF96M
                0x0000000000003944       0x58 ./board/clock_config.o
                0x0000000000003944                BOARD_BootClockFROHF96M
 .text.BOARD_InitPins
                0x000000000000399c       0xf0 ./board/pin_mux.o
                0x000000000000399c                BOARD_InitPins
 .text.pvPortMalloc
                0x0000000000003a8c      0x150 ./amazon-freertos/freertos_kernel/portable/MemMang/heap_4.o
                0x0000000000003a8c                pvPortMalloc
 .text.vPortFree
                0x0000000000003bdc       0x90 ./amazon-freertos/freertos_kernel/portable/MemMang/heap_4.o
                0x0000000000003bdc                vPortFree
 .text.prvHeapInit
                0x0000000000003c6c       0xc4 ./amazon-freertos/freertos_kernel/portable/MemMang/heap_4.o
 .text.prvInsertBlockIntoFreeList
                0x0000000000003d30       0xb4 ./amazon-freertos/freertos_kernel/portable/MemMang/heap_4.o
 .text.vPortSetupTimerInterrupt
                0x0000000000003de4       0x48 ./amazon-freertos/freertos_kernel/portable/GCC/ARM_CM33_NTZ/non_secure/port.o
                0x0000000000003de4                vPortSetupTimerInterrupt
 .text.prvTaskExitError
                0x0000000000003e2c       0x34 ./amazon-freertos/freertos_kernel/portable/GCC/ARM_CM33_NTZ/non_secure/port.o
 .text.vPortYield
                0x0000000000003e60       0x24 ./amazon-freertos/freertos_kernel/portable/GCC/ARM_CM33_NTZ/non_secure/port.o
                0x0000000000003e60                vPortYield
 .text.vPortEnterCritical
                0x0000000000003e84       0x28 ./amazon-freertos/freertos_kernel/portable/GCC/ARM_CM33_NTZ/non_secure/port.o
                0x0000000000003e84                vPortEnterCritical
 .text.vPortExitCritical
                0x0000000000003eac       0x34 ./amazon-freertos/freertos_kernel/portable/GCC/ARM_CM33_NTZ/non_secure/port.o
                0x0000000000003eac                vPortExitCritical
 .text.SysTick_Handler
                0x0000000000003ee0       0x30 ./amazon-freertos/freertos_kernel/portable/GCC/ARM_CM33_NTZ/non_secure/port.o
                0x0000000000003ee0                SysTick_Handler
 .text.pxPortInitialiseStack
                0x0000000000003f10      0x114 ./amazon-freertos/freertos_kernel/portable/GCC/ARM_CM33_NTZ/non_secure/port.o
                0x0000000000003f10                pxPortInitialiseStack
 .text.xPortStartScheduler
                0x0000000000004024       0x40 ./amazon-freertos/freertos_kernel/portable/GCC/ARM_CM33_NTZ/non_secure/port.o
                0x0000000000004024                xPortStartScheduler
 .text.vQueueAddToRegistry
                0x0000000000004064       0x50 ./amazon-freertos/freertos_kernel/queue.o
                0x0000000000004064                vQueueAddToRegistry
 .text.prvAddNewTaskToReadyList
                0x00000000000040b4       0xd0 ./amazon-freertos/freertos_kernel/tasks.o
 .text.vTaskStartScheduler
                0x0000000000004184       0x78 ./amazon-freertos/freertos_kernel/tasks.o
                0x0000000000004184                vTaskStartScheduler
 .text.vTaskSuspendAll
                0x00000000000041fc       0x1c ./amazon-freertos/freertos_kernel/tasks.o
                0x00000000000041fc                vTaskSuspendAll
 .text.xTaskResumeAll
                0x0000000000004218      0x118 ./amazon-freertos/freertos_kernel/tasks.o
                0x0000000000004218                xTaskResumeAll
 .text.xTaskGetTickCount
                0x0000000000004330       0x20 ./amazon-freertos/freertos_kernel/tasks.o
                0x0000000000004330                xTaskGetTickCount
 .text.xTaskIncrementTick
                0x0000000000004350      0x160 ./amazon-freertos/freertos_kernel/tasks.o
                0x0000000000004350                xTaskIncrementTick
 .text.vTaskSwitchContext
                0x00000000000044b0       0xa8 ./amazon-freertos/freertos_kernel/tasks.o
                0x00000000000044b0                vTaskSwitchContext
 .text.vTaskPlaceOnEventList
                0x0000000000004558       0x38 ./amazon-freertos/freertos_kernel/tasks.o
                0x0000000000004558                vTaskPlaceOnEventList
 .text.vTaskPlaceOnEventListRestricted
                0x0000000000004590       0x44 ./amazon-freertos/freertos_kernel/tasks.o
                0x0000000000004590                vTaskPlaceOnEventListRestricted
 .text.xTaskRemoveFromEventList
                0x00000000000045d4       0xb4 ./amazon-freertos/freertos_kernel/tasks.o
                0x00000000000045d4                xTaskRemoveFromEventList
 .text.vTaskInternalSetTimeOutState
                0x0000000000004688       0x2c ./amazon-freertos/freertos_kernel/tasks.o
                0x0000000000004688                vTaskInternalSetTimeOutState
 .text.xTaskCheckForTimeOut
                0x00000000000046b4       0xa0 ./amazon-freertos/freertos_kernel/tasks.o
                0x00000000000046b4                xTaskCheckForTimeOut
 .text.vTaskMissedYield
                0x0000000000004754       0x18 ./amazon-freertos/freertos_kernel/tasks.o
                0x0000000000004754                vTaskMissedYield
 .text.prvIdleTask
                0x000000000000476c       0x20 ./amazon-freertos/freertos_kernel/tasks.o
 .text.prvInitialiseTaskLists
                0x000000000000478c       0x80 ./amazon-freertos/freertos_kernel/tasks.o
 .text.prvCheckTasksWaitingTermination
                0x000000000000480c       0x58 ./amazon-freertos/freertos_kernel/tasks.o
 .text.prvResetNextTaskUnblockTime
                0x0000000000004864       0x40 ./amazon-freertos/freertos_kernel/tasks.o
 .text.xTaskGetSchedulerState
                0x00000000000048a4       0x3c ./amazon-freertos/freertos_kernel/tasks.o
                0x00000000000048a4                xTaskGetSchedulerState
 .text.xTaskPriorityDisinherit
                0x00000000000048e0       0xb8 ./amazon-freertos/freertos_kernel/tasks.o
                0x00000000000048e0                xTaskPriorityDisinherit
 .text.prvAddCurrentTaskToDelayedList
                0x0000000000004998       0xa8 ./amazon-freertos/freertos_kernel/tasks.o
 .text.xTimerCreateTimerTask
                0x0000000000004a40       0x50 ./amazon-freertos/freertos_kernel/timers.o
                0x0000000000004a40                xTimerCreateTimerTask
 .text.xTimerGenericCommand
                0x0000000000004a90       0x88 ./amazon-freertos/freertos_kernel/timers.o
                0x0000000000004a90                xTimerGenericCommand
 .text.prvProcessExpiredTimer
                0x0000000000004b18       0x88 ./amazon-freertos/freertos_kernel/timers.o
 .text.prvProcessTimerOrBlockTask
                0x0000000000004ba0       0x8c ./amazon-freertos/freertos_kernel/timers.o
 .text.prvGetNextExpireTime
                0x0000000000004c2c       0x48 ./amazon-freertos/freertos_kernel/timers.o
 .text.prvSampleTimeNow
                0x0000000000004c74       0x40 ./amazon-freertos/freertos_kernel/timers.o
 .text.prvInsertTimerInActiveList
                0x0000000000004cb4       0x84 ./amazon-freertos/freertos_kernel/timers.o
 .text.prvProcessReceivedCommands
                0x0000000000004d38      0x190 ./amazon-freertos/freertos_kernel/timers.o
 .text.prvSwitchTimerLists
                0x0000000000004ec8       0xb8 ./amazon-freertos/freertos_kernel/timers.o
 .text.prvCheckForValidListAndQueue
                0x0000000000004f80       0x6c ./amazon-freertos/freertos_kernel/timers.o
 .text.lowpower_set_system_voltage
                0x0000000000004fec       0xa0 /home/fenwick/Documents/MCUXpresso_11.1.1_3241/workspace/lpcxpresso55s69_dev_audio_speaker_freertos/libs/libpower_hardabi.a(fsl_power_lib.o)
 .text.lowpower_set_voltage_for_process
                0x000000000000508c       0x84 /home/fenwick/Documents/MCUXpresso_11.1.1_3241/workspace/lpcxpresso55s69_dev_audio_speaker_freertos/libs/libpower_hardabi.a(fsl_power_lib.o)
 .text.POWER_SetVoltageForFreq
                0x0000000000005110       0x84 /home/fenwick/Documents/MCUXpresso_11.1.1_3241/workspace/lpcxpresso55s69_dev_audio_speaker_freertos/libs/libpower_hardabi.a(fsl_power_lib.o)
                0x0000000000005110                POWER_SetVoltageForFreq
 .text.malloc   0x0000000000005194       0xc8 /usr/local/mcuxpressoide-11.1.1_3241/ide/plugins/com.nxp.mcuxpresso.tools.linux_11.1.0.202001081728/tools/bin/../lib/gcc/arm-none-eabi/8.3.1/../../../../arm-none-eabi/lib/thumb/v8-m.main+fp/hard/libcr_c.a(alloc.o)
                0x0000000000005194                malloc
 .text._Csys_alloc
                0x000000000000525c       0x20 /usr/local/mcuxpressoide-11.1.1_3241/ide/plugins/com.nxp.mcuxpresso.tools.linux_11.1.0.202001081728/tools/bin/../lib/gcc/arm-none-eabi/8.3.1/../../../../arm-none-eabi/lib/thumb/v8-m.main+fp/hard/libcr_c.a(alloc.o)
                0x000000000000525c                _Csys_alloc
 .text._initio  0x000000000000527c       0x78 /usr/local/mcuxpressoide-11.1.1_3241/ide/plugins/com.nxp.mcuxpresso.tools.linux_11.1.0.202001081728/tools/bin/../lib/gcc/arm-none-eabi/8.3.1/../../../../arm-none-eabi/lib/thumb/v8-m.main+fp/hard/libcr_c.a(initio.o)
                0x000000000000527c                _initio
 .text.__vfprintf
                0x00000000000052f4      0xbd8 /usr/local/mcuxpressoide-11.1.1_3241/ide/plugins/com.nxp.mcuxpresso.tools.linux_11.1.0.202001081728/tools/bin/../lib/gcc/arm-none-eabi/8.3.1/../../../../arm-none-eabi/lib/thumb/v8-m.main+fp/hard/libcr_c.a(printf.o)
                0x00000000000052f4                __vfprintf
 .text._vsnprintf
                0x0000000000005ecc       0x68 /usr/local/mcuxpressoide-11.1.1_3241/ide/plugins/com.nxp.mcuxpresso.tools.linux_11.1.0.202001081728/tools/bin/../lib/gcc/arm-none-eabi/8.3.1/../../../../arm-none-eabi/lib/thumb/v8-m.main+fp/hard/libcr_c.a(printf.o)
                0x0000000000005ecc                _vsnprintf
 .text._printf  0x0000000000005f34       0x54 /usr/local/mcuxpressoide-11.1.1_3241/ide/plugins/com.nxp.mcuxpresso.tools.linux_11.1.0.202001081728/tools/bin/../lib/gcc/arm-none-eabi/8.3.1/../../../../arm-none-eabi/lib/thumb/v8-m.main+fp/hard/libcr_c.a(printf.o)
                0x0000000000005f34                _printf
 .text.setvbuf  0x0000000000005f88       0x40 /usr/local/mcuxpressoide-11.1.1_3241/ide/plugins/com.nxp.mcuxpresso.tools.linux_11.1.0.202001081728/tools/bin/../lib/gcc/arm-none-eabi/8.3.1/../../../../arm-none-eabi/lib/thumb/v8-m.main+fp/hard/libcr_c.a(setvbuf.o)
                0x0000000000005f88                setvbuf
 .text._sbrk    0x0000000000005fc8       0x3c /usr/local/mcuxpressoide-11.1.1_3241/ide/plugins/com.nxp.mcuxpresso.tools.linux_11.1.0.202001081728/tools/bin/../lib/gcc/arm-none-eabi/8.3.1/../../../../arm-none-eabi/lib/thumb/v8-m.main+fp/hard/libcr_c.a(_cr_sbrk.o)
                0x0000000000005fc8                _sbrk
 .text._Cwritebuf
                0x0000000000006004       0x6c /usr/local/mcuxpressoide-11.1.1_3241/ide/plugins/com.nxp.mcuxpresso.tools.linux_11.1.0.202001081728/tools/bin/../lib/gcc/arm-none-eabi/8.3.1/../../../../arm-none-eabi/lib/thumb/v8-m.main+fp/hard/libcr_c.a(_writebuf.o)
                0x0000000000006004                _Cwritebuf
 .text.fflush   0x0000000000006070       0x44 /usr/local/mcuxpressoide-11.1.1_3241/ide/plugins/com.nxp.mcuxpresso.tools.linux_11.1.0.202001081728/tools/bin/../lib/gcc/arm-none-eabi/8.3.1/../../../../arm-none-eabi/lib/thumb/v8-m.main+fp/hard/libcr_c.a(fflush.o)
                0x0000000000006070                fflush
 .text.fseek    0x00000000000060b4      0x100 /usr/local/mcuxpressoide-11.1.1_3241/ide/plugins/com.nxp.mcuxpresso.tools.linux_11.1.0.202001081728/tools/bin/../lib/gcc/arm-none-eabi/8.3.1/../../../../arm-none-eabi/lib/thumb/v8-m.main+fp/hard/libcr_c.a(fseek.o)
                0x00000000000060b4                fseek
 .text.ftell    0x00000000000061b4       0x48 /usr/local/mcuxpressoide-11.1.1_3241/ide/plugins/com.nxp.mcuxpresso.tools.linux_11.1.0.202001081728/tools/bin/../lib/gcc/arm-none-eabi/8.3.1/../../../../arm-none-eabi/lib/thumb/v8-m.main+fp/hard/libcr_c.a(ftell.o)
                0x00000000000061b4                ftell
 .text.__check_heap_overflow
                0x00000000000061fc       0x18 /usr/local/mcuxpressoide-11.1.1_3241/ide/plugins/com.nxp.mcuxpresso.tools.linux_11.1.0.202001081728/tools/bin/../lib/gcc/arm-none-eabi/8.3.1/../../../../arm-none-eabi/lib/thumb/v8-m.main+fp/hard/libcr_c.a(_cr_check_heap.o)
                0x00000000000061fc                __check_heap_overflow
 .text.__sys_appexit
                0x0000000000006214        0xc /usr/local/mcuxpressoide-11.1.1_3241/ide/plugins/com.nxp.mcuxpresso.tools.linux_11.1.0.202001081728/tools/bin/../lib/gcc/arm-none-eabi/8.3.1/../../../../arm-none-eabi/lib/thumb/v8-m.main+fp/hard/libcr_semihost_nf.a(__sys_appexit.o)
                0x0000000000006214                __exit
                0x0000000000006214                __sys_appexit
 .text.WDT_BOD_IRQHandler
                0x0000000000006220        0x8 ./startup/startup_lpc55s69_cm33_core0.o
                0x0000000000006220                WDT_BOD_IRQHandler
 .text.DMA0_IRQHandler
                0x0000000000006228        0x8 ./startup/startup_lpc55s69_cm33_core0.o
                0x0000000000006228                DMA0_IRQHandler
 .text.GINT0_IRQHandler
                0x0000000000006230        0x8 ./startup/startup_lpc55s69_cm33_core0.o
                0x0000000000006230                GINT0_IRQHandler
 .text.GINT1_IRQHandler
                0x0000000000006238        0x8 ./startup/startup_lpc55s69_cm33_core0.o
                0x0000000000006238                GINT1_IRQHandler
 .text.PIN_INT0_IRQHandler
                0x0000000000006240        0x8 ./startup/startup_lpc55s69_cm33_core0.o
                0x0000000000006240                PIN_INT0_IRQHandler
 .text.PIN_INT1_IRQHandler
                0x0000000000006248        0x8 ./startup/startup_lpc55s69_cm33_core0.o
                0x0000000000006248                PIN_INT1_IRQHandler
 .text.PIN_INT2_IRQHandler
                0x0000000000006250        0x8 ./startup/startup_lpc55s69_cm33_core0.o
                0x0000000000006250                PIN_INT2_IRQHandler
 .text.PIN_INT3_IRQHandler
                0x0000000000006258        0x8 ./startup/startup_lpc55s69_cm33_core0.o
                0x0000000000006258                PIN_INT3_IRQHandler
 .text.UTICK0_IRQHandler
                0x0000000000006260        0x8 ./startup/startup_lpc55s69_cm33_core0.o
                0x0000000000006260                UTICK0_IRQHandler
 .text.MRT0_IRQHandler
                0x0000000000006268        0x8 ./startup/startup_lpc55s69_cm33_core0.o
                0x0000000000006268                MRT0_IRQHandler
 .text.CTIMER0_IRQHandler
                0x0000000000006270        0x8 ./startup/startup_lpc55s69_cm33_core0.o
                0x0000000000006270                CTIMER0_IRQHandler
 .text.CTIMER1_IRQHandler
                0x0000000000006278        0x8 ./startup/startup_lpc55s69_cm33_core0.o
                0x0000000000006278                CTIMER1_IRQHandler
 .text.SCT0_IRQHandler
                0x0000000000006280        0x8 ./startup/startup_lpc55s69_cm33_core0.o
                0x0000000000006280                SCT0_IRQHandler
 .text.CTIMER3_IRQHandler
                0x0000000000006288        0x8 ./startup/startup_lpc55s69_cm33_core0.o
                0x0000000000006288                CTIMER3_IRQHandler
 .text.FLEXCOMM0_IRQHandler
                0x0000000000006290        0x8 ./startup/startup_lpc55s69_cm33_core0.o
                0x0000000000006290                FLEXCOMM0_IRQHandler
 .text.FLEXCOMM1_IRQHandler
                0x0000000000006298        0x8 ./startup/startup_lpc55s69_cm33_core0.o
                0x0000000000006298                FLEXCOMM1_IRQHandler
 .text.FLEXCOMM2_IRQHandler
                0x00000000000062a0        0x8 ./startup/startup_lpc55s69_cm33_core0.o
                0x00000000000062a0                FLEXCOMM2_IRQHandler
 .text.FLEXCOMM3_IRQHandler
                0x00000000000062a8        0x8 ./startup/startup_lpc55s69_cm33_core0.o
                0x00000000000062a8                FLEXCOMM3_IRQHandler
 .text.FLEXCOMM4_IRQHandler
                0x00000000000062b0        0x8 ./startup/startup_lpc55s69_cm33_core0.o
                0x00000000000062b0                FLEXCOMM4_IRQHandler
 .text.FLEXCOMM5_IRQHandler
                0x00000000000062b8        0x8 ./startup/startup_lpc55s69_cm33_core0.o
                0x00000000000062b8                FLEXCOMM5_IRQHandler
 .text.FLEXCOMM6_IRQHandler
                0x00000000000062c0        0x8 ./startup/startup_lpc55s69_cm33_core0.o
                0x00000000000062c0                FLEXCOMM6_IRQHandler
 .text.FLEXCOMM7_IRQHandler
                0x00000000000062c8        0x8 ./startup/startup_lpc55s69_cm33_core0.o
                0x00000000000062c8                FLEXCOMM7_IRQHandler
 .text.ADC0_IRQHandler
                0x00000000000062d0        0x8 ./startup/startup_lpc55s69_cm33_core0.o
                0x00000000000062d0                ADC0_IRQHandler
 .text.Reserved39_IRQHandler
                0x00000000000062d8        0x8 ./startup/startup_lpc55s69_cm33_core0.o
                0x00000000000062d8                Reserved39_IRQHandler
 .text.ACMP_IRQHandler
                0x00000000000062e0        0x8 ./startup/startup_lpc55s69_cm33_core0.o
                0x00000000000062e0                ACMP_IRQHandler
 .text.Reserved41_IRQHandler
                0x00000000000062e8        0x8 ./startup/startup_lpc55s69_cm33_core0.o
                0x00000000000062e8                Reserved41_IRQHandler
 .text.Reserved42_IRQHandler
                0x00000000000062f0        0x8 ./startup/startup_lpc55s69_cm33_core0.o
                0x00000000000062f0                Reserved42_IRQHandler
 .text.USB0_NEEDCLK_IRQHandler
                0x00000000000062f8        0x8 ./startup/startup_lpc55s69_cm33_core0.o
                0x00000000000062f8                USB0_NEEDCLK_IRQHandler
 .text.USB0_IRQHandler
                0x0000000000006300        0x8 ./startup/startup_lpc55s69_cm33_core0.o
                0x0000000000006300                USB0_IRQHandler
 .text.RTC_IRQHandler
                0x0000000000006308        0x8 ./startup/startup_lpc55s69_cm33_core0.o
                0x0000000000006308                RTC_IRQHandler
 .text.Reserved46_IRQHandler
                0x0000000000006310        0x8 ./startup/startup_lpc55s69_cm33_core0.o
                0x0000000000006310                Reserved46_IRQHandler
 .text.MAILBOX_IRQHandler
                0x0000000000006318        0x8 ./startup/startup_lpc55s69_cm33_core0.o
                0x0000000000006318                MAILBOX_IRQHandler
 .text.PIN_INT4_IRQHandler
                0x0000000000006320        0x8 ./startup/startup_lpc55s69_cm33_core0.o
                0x0000000000006320                PIN_INT4_IRQHandler
 .text.PIN_INT5_IRQHandler
                0x0000000000006328        0x8 ./startup/startup_lpc55s69_cm33_core0.o
                0x0000000000006328                PIN_INT5_IRQHandler
 .text.PIN_INT6_IRQHandler
                0x0000000000006330        0x8 ./startup/startup_lpc55s69_cm33_core0.o
                0x0000000000006330                PIN_INT6_IRQHandler
 .text.PIN_INT7_IRQHandler
                0x0000000000006338        0x8 ./startup/startup_lpc55s69_cm33_core0.o
                0x0000000000006338                PIN_INT7_IRQHandler
 .text.CTIMER2_IRQHandler
                0x0000000000006340        0x8 ./startup/startup_lpc55s69_cm33_core0.o
                0x0000000000006340                CTIMER2_IRQHandler
 .text.CTIMER4_IRQHandler
                0x0000000000006348        0x8 ./startup/startup_lpc55s69_cm33_core0.o
                0x0000000000006348                CTIMER4_IRQHandler
 .text.OS_EVENT_IRQHandler
                0x0000000000006350        0x8 ./startup/startup_lpc55s69_cm33_core0.o
                0x0000000000006350                OS_EVENT_IRQHandler
 .text.Reserved55_IRQHandler
                0x0000000000006358        0x8 ./startup/startup_lpc55s69_cm33_core0.o
                0x0000000000006358                Reserved55_IRQHandler
 .text.Reserved56_IRQHandler
                0x0000000000006360        0x8 ./startup/startup_lpc55s69_cm33_core0.o
                0x0000000000006360                Reserved56_IRQHandler
 .text.Reserved57_IRQHandler
                0x0000000000006368        0x8 ./startup/startup_lpc55s69_cm33_core0.o
                0x0000000000006368                Reserved57_IRQHandler
 .text.SDIO_IRQHandler
                0x0000000000006370        0x8 ./startup/startup_lpc55s69_cm33_core0.o
                0x0000000000006370                SDIO_IRQHandler
 .text.Reserved59_IRQHandler
                0x0000000000006378        0x8 ./startup/startup_lpc55s69_cm33_core0.o
                0x0000000000006378                Reserved59_IRQHandler
 .text.Reserved60_IRQHandler
                0x0000000000006380        0x8 ./startup/startup_lpc55s69_cm33_core0.o
                0x0000000000006380                Reserved60_IRQHandler
 .text.Reserved61_IRQHandler
                0x0000000000006388        0x8 ./startup/startup_lpc55s69_cm33_core0.o
                0x0000000000006388                Reserved61_IRQHandler
 .text.USB1_PHY_IRQHandler
                0x0000000000006390        0x8 ./startup/startup_lpc55s69_cm33_core0.o
                0x0000000000006390                USB1_PHY_IRQHandler
 .text.USB1_IRQHandler
                0x0000000000006398        0x8 ./startup/startup_lpc55s69_cm33_core0.o
                0x0000000000006398                USB1_IRQHandler
 .text.USB1_NEEDCLK_IRQHandler
                0x00000000000063a0        0x8 ./startup/startup_lpc55s69_cm33_core0.o
                0x00000000000063a0                USB1_NEEDCLK_IRQHandler
 .text.SEC_HYPERVISOR_CALL_IRQHandler
                0x00000000000063a8        0x8 ./startup/startup_lpc55s69_cm33_core0.o
                0x00000000000063a8                SEC_HYPERVISOR_CALL_IRQHandler
 .text.SEC_GPIO_INT0_IRQ0_IRQHandler
                0x00000000000063b0        0x8 ./startup/startup_lpc55s69_cm33_core0.o
                0x00000000000063b0                SEC_GPIO_INT0_IRQ0_IRQHandler
 .text.SEC_GPIO_INT0_IRQ1_IRQHandler
                0x00000000000063b8        0x8 ./startup/startup_lpc55s69_cm33_core0.o
                0x00000000000063b8                SEC_GPIO_INT0_IRQ1_IRQHandler
 .text.PLU_IRQHandler
                0x00000000000063c0        0x8 ./startup/startup_lpc55s69_cm33_core0.o
                0x00000000000063c0                PLU_IRQHandler
 .text.SEC_VIO_IRQHandler
                0x00000000000063c8        0x8 ./startup/startup_lpc55s69_cm33_core0.o
                0x00000000000063c8                SEC_VIO_IRQHandler
 .text.HASHCRYPT_IRQHandler
                0x00000000000063d0        0x8 ./startup/startup_lpc55s69_cm33_core0.o
                0x00000000000063d0                HASHCRYPT_IRQHandler
 .text.CASER_IRQHandler
                0x00000000000063d8        0x8 ./startup/startup_lpc55s69_cm33_core0.o
                0x00000000000063d8                CASER_IRQHandler
 .text.PUF_IRQHandler
                0x00000000000063e0        0x8 ./startup/startup_lpc55s69_cm33_core0.o
                0x00000000000063e0                PUF_IRQHandler
 .text.PQ_IRQHandler
                0x00000000000063e8        0x8 ./startup/startup_lpc55s69_cm33_core0.o
                0x00000000000063e8                PQ_IRQHandler
 .text.DMA1_IRQHandler
                0x00000000000063f0        0x8 ./startup/startup_lpc55s69_cm33_core0.o
                0x00000000000063f0                DMA1_IRQHandler
 .text.FLEXCOMM8_IRQHandler
                0x00000000000063f8        0x8 ./startup/startup_lpc55s69_cm33_core0.o
                0x00000000000063f8                FLEXCOMM8_IRQHandler
 .text.CLOCK_EnableClock
                0x0000000000006400       0x30 ./source/audio_speaker.o
 .text.EnableIRQ
                0x0000000000006430       0x2c ./source/audio_speaker.o
 .text.APPTask  0x000000000000645c       0x14 ./source/audio_speaker.o
                0x000000000000645c                APPTask
 .text.HardFault_Handler
                0x0000000000006470       0x2c ./source/semihost_hardfault.o
                0x0000000000006470                HardFault_Handler
 .text.CLOCK_IsPLL0Locked
                0x000000000000649c       0x24 ./drivers/fsl_clock.o
 .text.findPll0PreDiv
                0x00000000000064c0       0x3e ./drivers/fsl_clock.o
 .text.DelayLoop
                0x00000000000064fe       0x20 ./drivers/fsl_common.o
 .text.CLOCK_EnableClock
                0x000000000000651e       0x30 ./drivers/fsl_dma.o
 .text.EnableIRQ
                0x000000000000654e       0x2c ./drivers/fsl_dma.o
 .text.DMA_GetVirtualStartChannel
                0x000000000000657a       0x40 ./drivers/fsl_dma.o
 .text.CLOCK_EnableClock
                0x00000000000065ba       0x30 ./drivers/fsl_flexcomm.o
 .text.FLEXCOMM_PeripheralIsPresent
                0x00000000000065ea       0x64 ./drivers/fsl_flexcomm.o
 .text.FLEXCOMM_SetPeriph
                0x000000000000664e       0x74 ./drivers/fsl_flexcomm.o
 .text.I2C_MasterEnable
                0x00000000000066c2       0x44 ./drivers/fsl_i2c.o
 .text.I2C_GetStatusFlags
                0x0000000000006706       0x1a ./drivers/fsl_i2c.o
 .text.I2C_MasterClearStatusFlags
                0x0000000000006720       0x22 ./drivers/fsl_i2c.o
 .text.I2C_MasterRepeatedStart
                0x0000000000006742       0x26 ./drivers/fsl_i2c.o
 .text.I2C_MasterInit
                0x0000000000006768       0x36 ./drivers/fsl_i2c.o
                0x0000000000006768                I2C_MasterInit
 .text.I2C_PendingStatusWait
                0x000000000000679e       0x2c ./drivers/fsl_i2c.o
 .text.I2C_MasterStart
                0x00000000000067ca       0x4c ./drivers/fsl_i2c.o
                0x00000000000067ca                I2C_MasterStart
 .text.I2C_MasterStop
                0x0000000000006816       0x32 ./drivers/fsl_i2c.o
                0x0000000000006816                I2C_MasterStop
 .text.I2S_TxInit
                0x0000000000006848       0x82 ./drivers/fsl_i2s.o
                0x0000000000006848                I2S_TxInit
 .text.I2S_TxGetDefaultConfig
                0x00000000000068ca       0x68 ./drivers/fsl_i2s.o
                0x00000000000068ca                I2S_TxGetDefaultConfig
 .text.I2S_Enable
                0x0000000000006932       0x24 ./drivers/fsl_i2s_dma.o
 .text.I2S_Disable
                0x0000000000006956       0x24 ./drivers/fsl_i2s_dma.o
 .text.I2S_DisableDMAInterrupts
                0x000000000000697a       0x24 ./drivers/fsl_i2s_dma.o
 .text.I2S_EnableDMAInterrupts
                0x000000000000699e       0x2c ./drivers/fsl_i2s_dma.o
 .text.I2S_TxTransferSendDMA
                0x00000000000069ca       0x74 ./drivers/fsl_i2s_dma.o
                0x00000000000069ca                I2S_TxTransferSendDMA
 .text.I2S_TxEnableDMA
                0x0000000000006a3e       0x50 ./drivers/fsl_i2s_dma.o
 .text.I2S_RxEnableDMA
                0x0000000000006a8e       0x50 ./drivers/fsl_i2s_dma.o
 .text.I2S_DMACallback
                0x0000000000006ade      0x148 ./drivers/fsl_i2s_dma.o
                0x0000000000006ade                I2S_DMACallback
 .text.RESET_PeripheralReset
                0x0000000000006c26       0x1c ./drivers/fsl_reset.o
                0x0000000000006c26                RESET_PeripheralReset
 .text.SystemInitHook
                0x0000000000006c42        0xe ./device/system_LPC55S69_cm33_core0.o
                0x0000000000006c42                SystemInitHook
 .text.HAL_I2cGetStatus
                0x0000000000006c50       0x92 ./component/i2c/flexcomm_i2c_adapter.o
                0x0000000000006c50                HAL_I2cGetStatus
 .text.CODEC_I2C_Init
                0x0000000000006ce2       0x36 ./codec/fsl_codec_i2c.o
                0x0000000000006ce2                CODEC_I2C_Init
 .text.CODEC_I2C_Send
                0x0000000000006d18       0x4e ./codec/fsl_codec_i2c.o
                0x0000000000006d18                CODEC_I2C_Send
 .text.CODEC_I2C_Receive
                0x0000000000006d66       0x4e ./codec/fsl_codec_i2c.o
                0x0000000000006d66                CODEC_I2C_Receive
 .text.WM8904_UpdateFormat
                0x0000000000006db4       0xa2 ./codec/fsl_wm8904.o
 .text.WM8904_WaitOnWriteSequencer
                0x0000000000006e56       0x32 ./codec/fsl_wm8904.o
 .text.WM8904_ModifyRegister
                0x0000000000006e88       0x62 ./codec/fsl_wm8904.o
                0x0000000000006e88                WM8904_ModifyRegister
 .text.WM8904_SetProtocol
                0x0000000000006eea       0x24 ./codec/fsl_wm8904.o
                0x0000000000006eea                WM8904_SetProtocol
 .text.WM8904_SetChannelVolume
                0x0000000000006f0e       0xf8 ./codec/fsl_wm8904.o
                0x0000000000006f0e                WM8904_SetChannelVolume
 .text.WM8904_SetChannelMute
                0x0000000000007006       0x9a ./codec/fsl_wm8904.o
                0x0000000000007006                WM8904_SetChannelMute
 .text.WM8904_SetRecordChannel
                0x00000000000070a0      0x192 ./codec/fsl_wm8904.o
                0x00000000000070a0                WM8904_SetRecordChannel
 .text.WM8904_SetPlay
                0x0000000000007232       0x44 ./codec/fsl_wm8904.o
                0x0000000000007232                WM8904_SetPlay
 .text.DbgConsole_Init
                0x0000000000007276       0x20 ./board/board.o
 .text.CLOCK_EnableClock
                0x0000000000007296       0x30 ./board/pin_mux.o
 .text.IOCON_PinMuxSet
                0x00000000000072c6       0x2e ./board/pin_mux.o
 .text.vPortSVCHandler_C
                0x00000000000072f4       0x2e ./amazon-freertos/freertos_kernel/portable/GCC/ARM_CM33_NTZ/non_secure/port.o
                0x00000000000072f4                vPortSVCHandler_C
 .text.ulSetInterruptMaskFromISR
                0x0000000000007322        0xc ./amazon-freertos/freertos_kernel/portable/GCC/ARM_CM33_NTZ/non_secure/portasm.o
                0x0000000000007322                ulSetInterruptMaskFromISR
 .text.vClearInterruptMaskFromISR
                0x000000000000732e        0x8 ./amazon-freertos/freertos_kernel/portable/GCC/ARM_CM33_NTZ/non_secure/portasm.o
                0x000000000000732e                vClearInterruptMaskFromISR
 .text.vListInitialise
                0x0000000000007336       0x40 ./amazon-freertos/freertos_kernel/list.o
                0x0000000000007336                vListInitialise
 .text.vListInitialiseItem
                0x0000000000007376       0x1a ./amazon-freertos/freertos_kernel/list.o
                0x0000000000007376                vListInitialiseItem
 .text.vListInsertEnd
                0x0000000000007390       0x48 ./amazon-freertos/freertos_kernel/list.o
                0x0000000000007390                vListInsertEnd
 .text.vListInsert
                0x00000000000073d8       0x72 ./amazon-freertos/freertos_kernel/list.o
                0x00000000000073d8                vListInsert
 .text.uxListRemove
                0x000000000000744a       0x54 ./amazon-freertos/freertos_kernel/list.o
                0x000000000000744a                uxListRemove
 .text.xQueueGenericReset
                0x000000000000749e       0xae ./amazon-freertos/freertos_kernel/queue.o
                0x000000000000749e                xQueueGenericReset
 .text.xQueueGenericCreate
                0x000000000000754c       0x66 ./amazon-freertos/freertos_kernel/queue.o
                0x000000000000754c                xQueueGenericCreate
 .text.prvInitialiseNewQueue
                0x00000000000075b2       0x46 ./amazon-freertos/freertos_kernel/queue.o
 .text.xQueueGenericSend
                0x00000000000075f8      0x18a ./amazon-freertos/freertos_kernel/queue.o
                0x00000000000075f8                xQueueGenericSend
 .text.xQueueGenericSendFromISR
                0x0000000000007782       0xd6 ./amazon-freertos/freertos_kernel/queue.o
                0x0000000000007782                xQueueGenericSendFromISR
 .text.xQueueReceive
                0x0000000000007858      0x16c ./amazon-freertos/freertos_kernel/queue.o
                0x0000000000007858                xQueueReceive
 .text.prvCopyDataToQueue
                0x00000000000079c4       0xd4 ./amazon-freertos/freertos_kernel/queue.o
 .text.prvCopyDataFromQueue
                0x0000000000007a98       0x4c ./amazon-freertos/freertos_kernel/queue.o
 .text.prvUnlockQueue
                0x0000000000007ae4       0xa4 ./amazon-freertos/freertos_kernel/queue.o
 .text.prvIsQueueEmpty
                0x0000000000007b88       0x2c ./amazon-freertos/freertos_kernel/queue.o
 .text.prvIsQueueFull
                0x0000000000007bb4       0x30 ./amazon-freertos/freertos_kernel/queue.o
 .text.vQueueWaitForMessageRestricted
                0x0000000000007be4       0x68 ./amazon-freertos/freertos_kernel/queue.o
                0x0000000000007be4                vQueueWaitForMessageRestricted
 .text.xTaskCreate
                0x0000000000007c4c       0x82 ./amazon-freertos/freertos_kernel/tasks.o
                0x0000000000007c4c                xTaskCreate
 .text.prvInitialiseNewTask
                0x0000000000007cce      0x12e ./amazon-freertos/freertos_kernel/tasks.o
 .text.prvDeleteTCB
                0x0000000000007dfc       0x20 ./amazon-freertos/freertos_kernel/tasks.o
 .text.prvTimerTask
                0x0000000000007e1c       0x24 ./amazon-freertos/freertos_kernel/timers.o
 .text.__main   0x0000000000007e40        0xe /usr/local/mcuxpressoide-11.1.1_3241/ide/plugins/com.nxp.mcuxpresso.tools.linux_11.1.0.202001081728/tools/bin/../lib/gcc/arm-none-eabi/8.3.1/../../../../arm-none-eabi/lib/thumb/v8-m.main+fp/hard/libcr_semihost_nf.a(_cr__main.o)
                0x0000000000007e40                __main
                0x0000000000007e40                __CR_SEMIHOST
 .text.memcpy   0x0000000000007e4e        0x4 /usr/local/mcuxpressoide-11.1.1_3241/ide/plugins/com.nxp.mcuxpresso.tools.linux_11.1.0.202001081728/tools/bin/../lib/gcc/arm-none-eabi/8.3.1/../../../../arm-none-eabi/lib/thumb/v8-m.main+fp/hard/libcr_c.a(memcpy.o)
                0x0000000000007e4e                memcpy
 .text.memset   0x0000000000007e52        0x4 /usr/local/mcuxpressoide-11.1.1_3241/ide/plugins/com.nxp.mcuxpresso.tools.linux_11.1.0.202001081728/tools/bin/../lib/gcc/arm-none-eabi/8.3.1/../../../../arm-none-eabi/lib/thumb/v8-m.main+fp/hard/libcr_c.a(memset.o)
                0x0000000000007e52                memset
 .text.free     0x0000000000007e56       0x30 /usr/local/mcuxpressoide-11.1.1_3241/ide/plugins/com.nxp.mcuxpresso.tools.linux_11.1.0.202001081728/tools/bin/../lib/gcc/arm-none-eabi/8.3.1/../../../../arm-none-eabi/lib/thumb/v8-m.main+fp/hard/libcr_c.a(alloc.o)
                0x0000000000007e56                free
 .text.no_fp_display
                0x0000000000007e86        0x4 /usr/local/mcuxpressoide-11.1.1_3241/ide/plugins/com.nxp.mcuxpresso.tools.linux_11.1.0.202001081728/tools/bin/../lib/gcc/arm-none-eabi/8.3.1/../../../../arm-none-eabi/lib/thumb/v8-m.main+fp/hard/libcr_c.a(printf.o)
 .text.strlen   0x0000000000007e8a       0x4c /usr/local/mcuxpressoide-11.1.1_3241/ide/plugins/com.nxp.mcuxpresso.tools.linux_11.1.0.202001081728/tools/bin/../lib/gcc/arm-none-eabi/8.3.1/../../../../arm-none-eabi/lib/thumb/v8-m.main+fp/hard/libcr_c.a(strlen.o)
                0x0000000000007e8a                strlen
 .text._deferredlazyseek
                0x0000000000007ed6       0x40 /usr/local/mcuxpressoide-11.1.1_3241/ide/plugins/com.nxp.mcuxpresso.tools.linux_11.1.0.202001081728/tools/bin/../lib/gcc/arm-none-eabi/8.3.1/../../../../arm-none-eabi/lib/thumb/v8-m.main+fp/hard/libcr_c.a(_deferredlazyseek.o)
                0x0000000000007ed6                _deferredlazyseek
 .text.__flsbuf
                0x0000000000007f16      0x140 /usr/local/mcuxpressoide-11.1.1_3241/ide/plugins/com.nxp.mcuxpresso.tools.linux_11.1.0.202001081728/tools/bin/../lib/gcc/arm-none-eabi/8.3.1/../../../../arm-none-eabi/lib/thumb/v8-m.main+fp/hard/libcr_c.a(_deferredlazyseek.o)
                0x0000000000007f16                __flsbuf
 .text._fdopen  0x0000000000008056       0x68 /usr/local/mcuxpressoide-11.1.1_3241/ide/plugins/com.nxp.mcuxpresso.tools.linux_11.1.0.202001081728/tools/bin/../lib/gcc/arm-none-eabi/8.3.1/../../../../arm-none-eabi/lib/thumb/v8-m.main+fp/hard/libcr_c.a(_fdopen.o)
                0x0000000000008056                _fdopen
 .text._fflush  0x00000000000080be       0x52 /usr/local/mcuxpressoide-11.1.1_3241/ide/plugins/com.nxp.mcuxpresso.tools.linux_11.1.0.202001081728/tools/bin/../lib/gcc/arm-none-eabi/8.3.1/../../../../arm-none-eabi/lib/thumb/v8-m.main+fp/hard/libcr_c.a(_fflush.o)
                0x00000000000080be                _fflush
 .text.fclose   0x0000000000008110       0x58 /usr/local/mcuxpressoide-11.1.1_3241/ide/plugins/com.nxp.mcuxpresso.tools.linux_11.1.0.202001081728/tools/bin/../lib/gcc/arm-none-eabi/8.3.1/../../../../arm-none-eabi/lib/thumb/v8-m.main+fp/hard/libcr_c.a(fclose.o)
                0x0000000000008110                fclose
 .text.remove   0x0000000000008168       0x14 /usr/local/mcuxpressoide-11.1.1_3241/ide/plugins/com.nxp.mcuxpresso.tools.linux_11.1.0.202001081728/tools/bin/../lib/gcc/arm-none-eabi/8.3.1/../../../../arm-none-eabi/lib/thumb/v8-m.main+fp/hard/libcr_c.a(remove.o)
                0x0000000000008168                remove
 .text._do_fflush
                0x000000000000817c       0x40 /usr/local/mcuxpressoide-11.1.1_3241/ide/plugins/com.nxp.mcuxpresso.tools.linux_11.1.0.202001081728/tools/bin/../lib/gcc/arm-none-eabi/8.3.1/../../../../arm-none-eabi/lib/thumb/v8-m.main+fp/hard/libcr_c.a(_do_fflush.o)
                0x000000000000817c                _do_fflush
 .text.__aeabi_division_uldivmod
                0x00000000000081bc      0x174 /usr/local/mcuxpressoide-11.1.1_3241/ide/plugins/com.nxp.mcuxpresso.tools.linux_11.1.0.202001081728/tools/bin/../lib/gcc/arm-none-eabi/8.3.1/thumb/v8-m.main+fp/hard/libcr_eabihelpers.a(division_64.o)
                0x00000000000081bc                __aeabi_uldivmod
                0x00000000000081c0                __bhs_ldivmod1
 .text.__aeabi_division_idiv0
                0x0000000000008330        0x2 /usr/local/mcuxpressoide-11.1.1_3241/ide/plugins/com.nxp.mcuxpresso.tools.linux_11.1.0.202001081728/tools/bin/../lib/gcc/arm-none-eabi/8.3.1/thumb/v8-m.main+fp/hard/libcr_eabihelpers.a(division_idiv0.o)
                0x0000000000008330                __aeabi_idiv0
 .text.__aeabi_memcpy
                0x0000000000008332       0x34 /usr/local/mcuxpressoide-11.1.1_3241/ide/plugins/com.nxp.mcuxpresso.tools.linux_11.1.0.202001081728/tools/bin/../lib/gcc/arm-none-eabi/8.3.1/thumb/v8-m.main+fp/hard/libcr_eabihelpers.a(memcpy.o)
                0x0000000000008332                __aeabi_memcpy
                0x000000000000833c                __aeabi_memcpy4
                0x000000000000833c                __aeabi_memcpy8
 .text.__aeabi_memset_lowlevel
                0x0000000000008366       0x32 /usr/local/mcuxpressoide-11.1.1_3241/ide/plugins/com.nxp.mcuxpresso.tools.linux_11.1.0.202001081728/tools/bin/../lib/gcc/arm-none-eabi/8.3.1/thumb/v8-m.main+fp/hard/libcr_eabihelpers.a(memcpy.o)
                0x0000000000008366                __aeabi_lowlevel_memset
 .text.__sys_close
                0x0000000000008398        0xc /usr/local/mcuxpressoide-11.1.1_3241/ide/plugins/com.nxp.mcuxpresso.tools.linux_11.1.0.202001081728/tools/bin/../lib/gcc/arm-none-eabi/8.3.1/../../../../arm-none-eabi/lib/thumb/v8-m.main+fp/hard/libcr_semihost_nf.a(__sys_close.o)
                0x0000000000008398                __sys_close
 .text.__sys_flen
                0x00000000000083a4        0xc /usr/local/mcuxpressoide-11.1.1_3241/ide/plugins/com.nxp.mcuxpresso.tools.linux_11.1.0.202001081728/tools/bin/../lib/gcc/arm-none-eabi/8.3.1/../../../../arm-none-eabi/lib/thumb/v8-m.main+fp/hard/libcr_semihost_nf.a(__sys_flen.o)
                0x00000000000083a4                __sys_flen
 .text.__sys_istty
                0x00000000000083b0        0xc /usr/local/mcuxpressoide-11.1.1_3241/ide/plugins/com.nxp.mcuxpresso.tools.linux_11.1.0.202001081728/tools/bin/../lib/gcc/arm-none-eabi/8.3.1/../../../../arm-none-eabi/lib/thumb/v8-m.main+fp/hard/libcr_semihost_nf.a(__sys_istty.o)
                0x00000000000083b0                __sys_istty
 .text.__sys_remove
                0x00000000000083bc        0xc /usr/local/mcuxpressoide-11.1.1_3241/ide/plugins/com.nxp.mcuxpresso.tools.linux_11.1.0.202001081728/tools/bin/../lib/gcc/arm-none-eabi/8.3.1/../../../../arm-none-eabi/lib/thumb/v8-m.main+fp/hard/libcr_semihost_nf.a(__sys_remove.o)
                0x00000000000083bc                __sys_remove
 .text.__sys_seek
                0x00000000000083c8        0xc /usr/local/mcuxpressoide-11.1.1_3241/ide/plugins/com.nxp.mcuxpresso.tools.linux_11.1.0.202001081728/tools/bin/../lib/gcc/arm-none-eabi/8.3.1/../../../../arm-none-eabi/lib/thumb/v8-m.main+fp/hard/libcr_semihost_nf.a(__sys_seek.o)
                0x00000000000083c8                __sys_seek
 .text.__sys_tmpnam
                0x00000000000083d4        0xc /usr/local/mcuxpressoide-11.1.1_3241/ide/plugins/com.nxp.mcuxpresso.tools.linux_11.1.0.202001081728/tools/bin/../lib/gcc/arm-none-eabi/8.3.1/../../../../arm-none-eabi/lib/thumb/v8-m.main+fp/hard/libcr_semihost_nf.a(__sys_tmpnam.o)
                0x00000000000083d4                __sys_tmpnam
 .text.__sys_write
                0x00000000000083e0        0xc /usr/local/mcuxpressoide-11.1.1_3241/ide/plugins/com.nxp.mcuxpresso.tools.linux_11.1.0.202001081728/tools/bin/../lib/gcc/arm-none-eabi/8.3.1/../../../../arm-none-eabi/lib/thumb/v8-m.main+fp/hard/libcr_semihost_nf.a(__sys_write.o)
                0x00000000000083e0                __sys_write
 *freertos*/tasks.o(SORT_BY_ALIGNMENT(.rodata*))
 .rodata.vTaskStartScheduler.str1.4
                0x00000000000083ec        0x5 ./amazon-freertos/freertos_kernel/tasks.o
 *fill*         0x00000000000083f1        0x3 ff
 .rodata.vTaskList.str1.4
                0x00000000000083f4        0xf ./amazon-freertos/freertos_kernel/tasks.o
 *fill*         0x0000000000008403        0x1 ff
 .rodata.str1.4
                0x0000000000008404        0xb ./amazon-freertos/freertos_kernel/tasks.o
 *fill*         0x000000000000840f        0x1 ff
 .rodata        0x0000000000008410       0x1c ./amazon-freertos/freertos_kernel/tasks.o
                0x0000000000008410                portArch_Name
                0x0000000000008414                FreeRTOSDebugConfig
 *(SORT_BY_ALIGNMENT(.rodata) SORT_BY_ALIGNMENT(.rodata.*) SORT_BY_ALIGNMENT(.constdata) SORT_BY_ALIGNMENT(.constdata.*))
 .rodata.__assertion_failed.str1.4
                0x000000000000842c       0x14 ./utilities/fsl_assert.o
 .rodata.DMA_EnableChannel.str1.4
                0x0000000000008440       0xba ./source/audio_speaker.o
 *fill*         0x00000000000084fa        0x2 ff
 .rodata.DMA_SetChannelPriority.str1.4
                0x00000000000084fc       0xba ./source/audio_speaker.o
 *fill*         0x00000000000085b6        0x2 ff
 .rodata.Init_Board_Audio.str1.4
                0x00000000000085b8       0x3b ./source/audio_speaker.o
 *fill*         0x00000000000085f3        0x1 ff
 .rodata.main.str1.4
                0x00000000000085f4       0x26 ./source/audio_speaker.o
 *fill*         0x000000000000861a        0x2 ff
 .rodata.SDK_DelayAtLeastUs.str1.4
                0x000000000000861c       0x4c ./drivers/fsl_common.o
 .rodata.DMA_EnableChannelInterrupts.str1.4
                0x0000000000008668       0x4f ./drivers/fsl_dma.o
 *fill*         0x00000000000086b7        0x1 ff
 .rodata.DMA_EnableChannel.str1.4
                0x00000000000086b8       0x4f ./drivers/fsl_dma.o
 *fill*         0x0000000000008707        0x1 ff
 .rodata.DMA_DisableChannel.str1.4
                0x0000000000008708       0x4f ./drivers/fsl_dma.o
 *fill*         0x0000000000008757        0x1 ff
 .rodata.s_dmaBases
                0x0000000000008758        0x8 ./drivers/fsl_dma.o
 .rodata.s_dmaClockName
                0x0000000000008760        0x4 ./drivers/fsl_dma.o
 .rodata.s_dmaResets
                0x0000000000008764        0x8 ./drivers/fsl_dma.o
 .rodata.s_dmaIRQNumber
                0x000000000000876c        0x2 ./drivers/fsl_dma.o
 *fill*         0x000000000000876e        0x2 ff
 .rodata.DMA_GetInstance.str1.4
                0x0000000000008770       0x32 ./drivers/fsl_dma.o
 *fill*         0x00000000000087a2        0x2 ff
 .rodata.DMA_SetupDescriptor.str1.4
                0x00000000000087a4       0x7a ./drivers/fsl_dma.o
 *fill*         0x000000000000881e        0x2 ff
 .rodata.DMA_AbortTransfer.str1.4
                0x0000000000008820       0x20 ./drivers/fsl_dma.o
 .rodata.DMA_CreateHandle.str1.4
                0x0000000000008840       0x65 ./drivers/fsl_dma.o
 *fill*         0x00000000000088a5        0x3 ff
 .rodata.DMA_SetCallback.str1.4
                0x00000000000088a8       0x20 ./drivers/fsl_dma.o
 .rodata.DMA_SubmitChannelTransferParameter.str1.4
                0x00000000000088c8       0xa2 ./drivers/fsl_dma.o
 *fill*         0x000000000000896a        0x2 ff
 .rodata.DMA_StartTransfer.str1.4
                0x000000000000896c       0x77 ./drivers/fsl_dma.o
 *fill*         0x00000000000089e3        0x1 ff
 .rodata.s_flexcommBaseAddrs
                0x00000000000089e4       0x24 ./drivers/fsl_flexcomm.o
 .rodata.s_flexcommClocks
                0x0000000000008a08       0x12 ./drivers/fsl_flexcomm.o
 *fill*         0x0000000000008a1a        0x2 ff
 .rodata.s_flexcommResets
                0x0000000000008a1c       0x24 ./drivers/fsl_flexcomm.o
 .rodata.FLEXCOMM_GetInstance.str1.4
                0x0000000000008a40       0x39 ./drivers/fsl_flexcomm.o
 *fill*         0x0000000000008a79        0x3 ff
 .rodata.FLEXCOMM0_DriverIRQHandler.str1.4
                0x0000000000008a7c       0x2e ./drivers/fsl_flexcomm.o
 *fill*         0x0000000000008aaa        0x2 ff
 .rodata.FLEXCOMM1_DriverIRQHandler.str1.4
                0x0000000000008aac       0x2e ./drivers/fsl_flexcomm.o
 *fill*         0x0000000000008ada        0x2 ff
 .rodata.FLEXCOMM2_DriverIRQHandler.str1.4
                0x0000000000008adc       0x2e ./drivers/fsl_flexcomm.o
 *fill*         0x0000000000008b0a        0x2 ff
 .rodata.FLEXCOMM3_DriverIRQHandler.str1.4
                0x0000000000008b0c       0x2e ./drivers/fsl_flexcomm.o
 *fill*         0x0000000000008b3a        0x2 ff
 .rodata.FLEXCOMM4_DriverIRQHandler.str1.4
                0x0000000000008b3c       0x2e ./drivers/fsl_flexcomm.o
 *fill*         0x0000000000008b6a        0x2 ff
 .rodata.FLEXCOMM5_DriverIRQHandler.str1.4
                0x0000000000008b6c       0x2e ./drivers/fsl_flexcomm.o
 *fill*         0x0000000000008b9a        0x2 ff
 .rodata.FLEXCOMM6_DriverIRQHandler.str1.4
                0x0000000000008b9c       0x2e ./drivers/fsl_flexcomm.o
 *fill*         0x0000000000008bca        0x2 ff
 .rodata.FLEXCOMM7_DriverIRQHandler.str1.4
                0x0000000000008bcc       0x2e ./drivers/fsl_flexcomm.o
 *fill*         0x0000000000008bfa        0x2 ff
 .rodata.FLEXCOMM8_DriverIRQHandler.str1.4
                0x0000000000008bfc       0x2e ./drivers/fsl_flexcomm.o
 *fill*         0x0000000000008c2a        0x2 ff
 .rodata.I2C_MasterWriteBlocking.str1.4
                0x0000000000008c2c       0x18 ./drivers/fsl_i2c.o
 .rodata.I2C_MasterReadBlocking.str1.4
                0x0000000000008c44       0x18 ./drivers/fsl_i2c.o
 .rodata.I2C_MasterTransferBlocking.str1.4
                0x0000000000008c5c       0x16 ./drivers/fsl_i2c.o
 *fill*         0x0000000000008c72        0x2 ff
 .rodata.I2S_Config.str1.4
                0x0000000000008c74       0x20 ./drivers/fsl_i2s.o
 .rodata.DMA_EnableChannelInterrupts.str1.4
                0x0000000000008c94       0x4f ./drivers/fsl_i2s_dma.o
 .rodata.DMA_DisableChannelInterrupts.str1.4
                0x0000000000008c94       0x4f ./drivers/fsl_i2s_dma.o
 *fill*         0x0000000000008ce3        0x1 ff
 .rodata.DMA_EnableChannelPeriphRq.str1.4
                0x0000000000008ce4       0x4f ./drivers/fsl_i2s_dma.o
 *fill*         0x0000000000008d33        0x1 ff
 .rodata.s_I2sBaseAddrs
                0x0000000000008d34       0x20 ./drivers/fsl_i2s_dma.o
 .rodata.I2S_EnqueueUserBuffer.str1.4
                0x0000000000008d54       0xc4 ./drivers/fsl_i2s_dma.o
 .rodata.I2S_GetInstance.str1.4
                0x0000000000008e18       0x1b ./drivers/fsl_i2s_dma.o
 *fill*         0x0000000000008e33        0x1 ff
 .rodata.I2S_TxTransferCreateHandleDMA.str1.4
                0x0000000000008e34       0x4b ./drivers/fsl_i2s_dma.o
 *fill*         0x0000000000008e7f        0x1 ff
 .rodata.I2S_TransferAbortDMA.str1.4
                0x0000000000008e80       0x53 ./drivers/fsl_i2s_dma.o
 *fill*         0x0000000000008ed3        0x1 ff
 .rodata.I2S_GetTransferBytes.str1.4
                0x0000000000008ed4       0x26 ./drivers/fsl_i2s_dma.o
 *fill*         0x0000000000008efa        0x2 ff
 .rodata.RESET_SetPeripheralReset.str1.4
                0x0000000000008efc       0x1f ./drivers/fsl_reset.o
 *fill*         0x0000000000008f1b        0x1 ff
 .rodata.RESET_ClearPeripheralReset.str1.4
                0x0000000000008f1c       0x1f ./drivers/fsl_reset.o
 *fill*         0x0000000000008f3b        0x1 ff
 .rodata.s_i2cBases
                0x0000000000008f3c       0x20 ./component/i2c/flexcomm_i2c_adapter.o
 .rodata.HAL_I2cMasterInit.str1.4
                0x0000000000008f5c       0x4d ./component/i2c/flexcomm_i2c_adapter.o
 *fill*         0x0000000000008fa9        0x3 ff
 .rodata.HAL_I2cMasterTransferBlocking.str1.4
                0x0000000000008fac       0x4b ./component/i2c/flexcomm_i2c_adapter.o
 *fill*         0x0000000000008ff7        0x1 ff
 .rodata.s_wm8904_capability
                0x0000000000008ff8        0xc ./codec/fsl_codec_adapter.o
 .rodata.HAL_CODEC_Init.str1.4
                0x0000000000009004       0x3f ./codec/fsl_codec_adapter.o
 *fill*         0x0000000000009043        0x1 ff
 .rodata.HAL_CODEC_SetVolume.str1.4
                0x0000000000009044       0x2a ./codec/fsl_codec_adapter.o
 *fill*         0x000000000000906e        0x2 ff
 .rodata.HAL_CODEC_SetMute.str1.4
                0x0000000000009070       0x2a ./codec/fsl_codec_adapter.o
 *fill*         0x000000000000909a        0x2 ff
 .rodata.HAL_CODEC_SetPower.str1.4
                0x000000000000909c       0x2a ./codec/fsl_codec_adapter.o
 *fill*         0x00000000000090c6        0x2 ff
 .rodata.HAL_CODEC_SetPlay.str1.4
                0x00000000000090c8       0x2a ./codec/fsl_codec_adapter.o
 *fill*         0x00000000000090f2        0x2 ff
 .rodata.CODEC_Init.str1.4
                0x00000000000090f4       0x3e ./codec/fsl_codec_common.o
 *fill*         0x0000000000009132        0x2 ff
 .rodata.CODEC_SetVolume.str1.4
                0x0000000000009134       0xc2 ./codec/fsl_codec_common.o
 *fill*         0x00000000000091f6        0x2 ff
 .rodata.CODEC_SetMute.str1.4
                0x00000000000091f8       0x86 ./codec/fsl_codec_common.o
 *fill*         0x000000000000927e        0x2 ff
 .rodata.CODEC_SetPower.str1.4
                0x0000000000009280       0x86 ./codec/fsl_codec_common.o
 *fill*         0x0000000000009306        0x2 ff
 .rodata.CODEC_SetPlay.str1.4
                0x0000000000009308       0x86 ./codec/fsl_codec_common.o
 *fill*         0x000000000000938e        0x2 ff
 .rodata.WM8904_WriteRegister.str1.4
                0x0000000000009390       0x63 ./codec/fsl_wm8904.o
 *fill*         0x00000000000093f3        0x1 ff
 .rodata.WM8904_ReadRegister.str1.4
                0x00000000000093f4       0x63 ./codec/fsl_wm8904.o
 *fill*         0x0000000000009457        0x1 ff
 .rodata.WM8904_Init.str1.4
                0x0000000000009458       0x4d ./codec/fsl_wm8904.o
 *fill*         0x00000000000094a5        0x3 ff
 .rodata.WM8904_SetFLLConfig.str1.4
                0x00000000000094a8       0x47 ./codec/fsl_wm8904.o
 *fill*         0x00000000000094ef        0x1 ff
 .rodata.WM8904_CheckAudioFormat.str1.4
                0x00000000000094f0       0x25 ./codec/fsl_wm8904.o
 *fill*         0x0000000000009515        0x3 ff
 .rodata.xTimerCreateTimerTask.str1.4
                0x0000000000009518        0x8 ./amazon-freertos/freertos_kernel/timers.o
 .rodata.prvCheckForValidListAndQueue.str1.4
                0x0000000000009520        0x8 ./amazon-freertos/freertos_kernel/timers.o
                                          0x5 (size before relaxing)
 .rodata.__num_Ciob_streams
                0x0000000000009528        0x4 /usr/local/mcuxpressoide-11.1.1_3241/ide/plugins/com.nxp.mcuxpresso.tools.linux_11.1.0.202001081728/tools/bin/../lib/gcc/arm-none-eabi/8.3.1/../../../../arm-none-eabi/lib/thumb/v8-m.main+fp/hard/libcr_semihost_nf.a(__ciob.o)
                0x0000000000009528                __num_Ciob_streams
 .rodata._Csys_alloc.str1.1
                0x000000000000952c       0x18 /usr/local/mcuxpressoide-11.1.1_3241/ide/plugins/com.nxp.mcuxpresso.tools.linux_11.1.0.202001081728/tools/bin/../lib/gcc/arm-none-eabi/8.3.1/../../../../arm-none-eabi/lib/thumb/v8-m.main+fp/hard/libcr_c.a(alloc.o)
 .rodata._initio.str1.1
                0x0000000000009544        0x4 /usr/local/mcuxpressoide-11.1.1_3241/ide/plugins/com.nxp.mcuxpresso.tools.linux_11.1.0.202001081728/tools/bin/../lib/gcc/arm-none-eabi/8.3.1/../../../../arm-none-eabi/lib/thumb/v8-m.main+fp/hard/libcr_c.a(initio.o)
 .rodata.__vfprintf.str1.1
                0x0000000000009548       0x37 /usr/local/mcuxpressoide-11.1.1_3241/ide/plugins/com.nxp.mcuxpresso.tools.linux_11.1.0.202001081728/tools/bin/../lib/gcc/arm-none-eabi/8.3.1/../../../../arm-none-eabi/lib/thumb/v8-m.main+fp/hard/libcr_c.a(printf.o)
                                         0x38 (size before relaxing)
                0x0000000000009580                . = ALIGN (0x4)
 *fill*         0x000000000000957f        0x1 ff

.glue_7         0x0000000000009580        0x0
 .glue_7        0x0000000000009580        0x0 linker stubs

.glue_7t        0x0000000000009580        0x0
 .glue_7t       0x0000000000009580        0x0 linker stubs

.vfp11_veneer   0x0000000000009580        0x0
 .vfp11_veneer  0x0000000000009580        0x0 linker stubs

.v4_bx          0x0000000000009580        0x0
 .v4_bx         0x0000000000009580        0x0 linker stubs

.iplt           0x0000000000009580        0x0
 .iplt          0x0000000000009580        0x0 ./utilities/fsl_assert.o

.rel.dyn        0x0000000000009580        0x0
 .rel.iplt      0x0000000000009580        0x0 ./utilities/fsl_assert.o

.ARM.extab
 *(SORT_BY_ALIGNMENT(.ARM.extab*) SORT_BY_ALIGNMENT(.gnu.linkonce.armextab.*))

.ARM.exidx      0x0000000000009580        0x0
                0x0000000000009580                __exidx_start = .
 *(SORT_BY_ALIGNMENT(.ARM.exidx*) SORT_BY_ALIGNMENT(.gnu.linkonce.armexidx.*))
                0x0000000000009580                __exidx_end = .
                0x0000000000009580                _etext = .

.m_usb_data
 *(SORT_BY_ALIGNMENT(m_usb_global))

.data_RAM2      0x0000000020040000        0x0 load address 0x0000000000009580
 FILL mask 0xff
                [!provide]                        PROVIDE (__start_data_RAM2 = .)
                [!provide]                        PROVIDE (__start_data_SRAM4 = .)
 *(SORT_BY_ALIGNMENT(.ramfunc.$RAM2))
 *(SORT_BY_ALIGNMENT(.ramfunc.$SRAM4))
 *(SORT_BY_ALIGNMENT(.data.$RAM2))
 *(SORT_BY_ALIGNMENT(.data.$SRAM4))
 *(SORT_BY_ALIGNMENT(.data.$RAM2.*))
 *(SORT_BY_ALIGNMENT(.data.$SRAM4.*))
                0x0000000020040000                . = ALIGN (0x4)
                [!provide]                        PROVIDE (__end_data_RAM2 = .)
                [!provide]                        PROVIDE (__end_data_SRAM4 = .)

.data_RAM3      0x0000000004000000        0x0 load address 0x0000000000009580
 FILL mask 0xff
                [!provide]                        PROVIDE (__start_data_RAM3 = .)
                [!provide]                        PROVIDE (__start_data_SRAMX = .)
 *(SORT_BY_ALIGNMENT(.ramfunc.$RAM3))
 *(SORT_BY_ALIGNMENT(.ramfunc.$SRAMX))
 *(SORT_BY_ALIGNMENT(.data.$RAM3))
 *(SORT_BY_ALIGNMENT(.data.$SRAMX))
 *(SORT_BY_ALIGNMENT(.data.$RAM3.*))
 *(SORT_BY_ALIGNMENT(.data.$SRAMX.*))
                0x0000000004000000                . = ALIGN (0x4)
                [!provide]                        PROVIDE (__end_data_RAM3 = .)
                [!provide]                        PROVIDE (__end_data_SRAMX = .)

.data_RAM4      0x0000000040100000        0x0 load address 0x0000000000009580
 FILL mask 0xff
                [!provide]                        PROVIDE (__start_data_RAM4 = .)
                [!provide]                        PROVIDE (__start_data_USB_RAM = .)
 *(SORT_BY_ALIGNMENT(.ramfunc.$RAM4))
 *(SORT_BY_ALIGNMENT(.ramfunc.$USB_RAM))
 *(SORT_BY_ALIGNMENT(.data.$RAM4))
 *(SORT_BY_ALIGNMENT(.data.$USB_RAM))
 *(SORT_BY_ALIGNMENT(.data.$RAM4.*))
 *(SORT_BY_ALIGNMENT(.data.$USB_RAM.*))
                0x0000000040100000                . = ALIGN (0x4)
                [!provide]                        PROVIDE (__end_data_RAM4 = .)
                [!provide]                        PROVIDE (__end_data_USB_RAM = .)

.uninit_RESERVED
                0x0000000020000000        0x0
                0x0000000020000000                _start_uninit_RESERVED = .
 *(SORT_BY_ALIGNMENT(.bss.$RESERVED*))
                0x0000000020000000                . = ALIGN (0x4)
                0x0000000020000000                _end_uninit_RESERVED = .

.data           0x0000000020000000       0xc0 load address 0x0000000000009580
 FILL mask 0xff
                0x0000000020000000                _data = .
                [!provide]                        PROVIDE (__start_data_RAM = .)
                [!provide]                        PROVIDE (__start_data_SRAM = .)
 *(SORT_BY_ALIGNMENT(vtable))
 *(SORT_BY_ALIGNMENT(.ramfunc*))
 *(SORT_BY_ALIGNMENT(CodeQuickAccess))
 *(SORT_BY_ALIGNMENT(DataQuickAccess))
 *(SORT_BY_ALIGNMENT(RamFunction))
 *(SORT_BY_ALIGNMENT(.data*))
 .data.g_UsbDeviceAudioSpeaker
                0x0000000020000000       0x7c ./source/audio_speaker.o
                0x0000000020000000                g_UsbDeviceAudioSpeaker
 .data.wm8904Config
                0x000000002000007c       0x24 ./source/audio_speaker.o
                0x000000002000007c                wm8904Config
 .data.boardCodecConfig
                0x00000000200000a0        0x8 ./source/audio_speaker.o
                0x00000000200000a0                boardCodecConfig
 .data.codecHandle
                0x00000000200000a8        0x4 ./source/audio_speaker.o
                0x00000000200000a8                codecHandle
 .data.s_Ext_Clk_Freq
                0x00000000200000ac        0x4 ./drivers/fsl_clock.o
 .data.s_dma_descriptor_table
                0x00000000200000b0        0x8 ./drivers/fsl_dma.o
 .data.SystemCoreClock
                0x00000000200000b8        0x4 ./device/system_LPC55S69_cm33_core0.o
                0x00000000200000b8                SystemCoreClock
 .data.ulCriticalNesting
                0x00000000200000bc        0x4 ./amazon-freertos/freertos_kernel/portable/GCC/ARM_CM33_NTZ/non_secure/port.o
                0x00000000200000c0                . = ALIGN (0x4)
                0x00000000200000c0                _edata = .
                [!provide]                        PROVIDE (__end_data_RAM = .)
                [!provide]                        PROVIDE (__end_data_SRAM = .)

.igot.plt       0x00000000200000c0        0x0 load address 0x0000000000009640
 .igot.plt      0x00000000200000c0        0x0 ./utilities/fsl_assert.o

.bss_RAM2       0x0000000020040000        0x0
                [!provide]                        PROVIDE (__start_bss_RAM2 = .)
                [!provide]                        PROVIDE (__start_bss_SRAM4 = .)
 *(SORT_BY_ALIGNMENT(.bss.$RAM2))
 *(SORT_BY_ALIGNMENT(.bss.$SRAM4))
 *(SORT_BY_ALIGNMENT(.bss.$RAM2.*))
 *(SORT_BY_ALIGNMENT(.bss.$SRAM4.*))
                0x0000000020040000                . = ALIGN ((. != 0x0)?0x4:0x1)
                [!provide]                        PROVIDE (__end_bss_RAM2 = .)
                [!provide]                        PROVIDE (__end_bss_SRAM4 = .)

.bss_RAM3       0x0000000004000000        0x0
                [!provide]                        PROVIDE (__start_bss_RAM3 = .)
                [!provide]                        PROVIDE (__start_bss_SRAMX = .)
 *(SORT_BY_ALIGNMENT(.bss.$RAM3))
 *(SORT_BY_ALIGNMENT(.bss.$SRAMX))
 *(SORT_BY_ALIGNMENT(.bss.$RAM3.*))
 *(SORT_BY_ALIGNMENT(.bss.$SRAMX.*))
                0x0000000004000000                . = ALIGN ((. != 0x0)?0x4:0x1)
                [!provide]                        PROVIDE (__end_bss_RAM3 = .)
                [!provide]                        PROVIDE (__end_bss_SRAMX = .)

.bss_RAM4       0x0000000040100000        0x0
                [!provide]                        PROVIDE (__start_bss_RAM4 = .)
                [!provide]                        PROVIDE (__start_bss_USB_RAM = .)
 *(SORT_BY_ALIGNMENT(.bss.$RAM4))
 *(SORT_BY_ALIGNMENT(.bss.$USB_RAM))
 *(SORT_BY_ALIGNMENT(.bss.$RAM4.*))
 *(SORT_BY_ALIGNMENT(.bss.$USB_RAM.*))
                0x0000000040100000                . = ALIGN ((. != 0x0)?0x4:0x1)
                [!provide]                        PROVIDE (__end_bss_RAM4 = .)
                [!provide]                        PROVIDE (__end_bss_USB_RAM = .)

.bss            0x0000000020000200     0x644c
                0x0000000020000200                _bss = .
                [!provide]                        PROVIDE (__start_bss_RAM = .)
                [!provide]                        PROVIDE (__start_bss_SRAM = .)
 *(SORT_BY_ALIGNMENT(.bss*))
 .bss.s_dma_descriptor_table0
                0x0000000020000200      0x170 ./drivers/fsl_dma.o
                0x0000000020000200                s_dma_descriptor_table0
 *fill*         0x0000000020000370       0x90 
 .bss.s_dma_descriptor_table1
                0x0000000020000400      0x170 ./drivers/fsl_dma.o
                0x0000000020000400                s_dma_descriptor_table1
 *fill*         0x0000000020000570       0x10 
 .bss.audioPlayDMATempBuff
                0x0000000020000580       0xc0 ./source/audio_speaker.o
 .bss.audioPlayDataBuff
                0x0000000020000640     0x1800 ./source/audio_speaker.o
                0x0000000020000640                audioPlayDataBuff
 .bss.s_DmaDescriptors
                0x0000000020001e40      0x100 ./drivers/fsl_i2s_dma.o
                0x0000000020001e40                s_DmaDescriptors
 .bss.s_TxConfig
                0x0000000020001f40       0x12 ./source/audio_speaker.o
 *fill*         0x0000000020001f52        0x2 
 .bss.s_TxHandle
                0x0000000020001f54       0x38 ./source/audio_speaker.o
 .bss.s_DmaTxHandle
                0x0000000020001f8c       0x10 ./source/audio_speaker.o
 .bss.s_TxTransfer
                0x0000000020001f9c        0x8 ./source/audio_speaker.o
 .bss.codecHandleBuffer
                0x0000000020001fa4       0x80 ./source/audio_speaker.o
                0x0000000020001fa4                codecHandleBuffer
 .bss.s_Pll0_Freq
                0x0000000020002024        0x4 ./drivers/fsl_clock.o
 .bss.s_DMAHandle
                0x0000000020002028       0xb8 ./drivers/fsl_dma.o
 .bss.s_flexcommIrqHandler
                0x00000000200020e0       0x24 ./drivers/fsl_flexcomm.o
 .bss.s_flexcommHandle
                0x0000000020002104       0x24 ./drivers/fsl_flexcomm.o
 .bss.s_DummyBufferTx
                0x0000000020002128        0x4 ./drivers/fsl_i2s_dma.o
 .bss.s_DummyBufferRx
                0x000000002000212c        0x4 ./drivers/fsl_i2s_dma.o
 .bss.s_DmaPrivateHandle
                0x0000000020002130      0x1c0 ./drivers/fsl_i2s_dma.o
 .bss.ucHeap    0x00000000200022f0     0x4000 ./amazon-freertos/freertos_kernel/portable/MemMang/heap_4.o
 .bss.xStart    0x00000000200062f0        0x8 ./amazon-freertos/freertos_kernel/portable/MemMang/heap_4.o
 .bss.pxEnd     0x00000000200062f8        0x4 ./amazon-freertos/freertos_kernel/portable/MemMang/heap_4.o
 .bss.xFreeBytesRemaining
                0x00000000200062fc        0x4 ./amazon-freertos/freertos_kernel/portable/MemMang/heap_4.o
 .bss.xMinimumEverFreeBytesRemaining
                0x0000000020006300        0x4 ./amazon-freertos/freertos_kernel/portable/MemMang/heap_4.o
 .bss.xBlockAllocatedBit
                0x0000000020006304        0x4 ./amazon-freertos/freertos_kernel/portable/MemMang/heap_4.o
 .bss.xQueueRegistry
                0x0000000020006308       0x40 ./amazon-freertos/freertos_kernel/queue.o
                0x0000000020006308                xQueueRegistry
 .bss.pxCurrentTCB
                0x0000000020006348        0x4 ./amazon-freertos/freertos_kernel/tasks.o
                0x0000000020006348                pxCurrentTCB
 .bss.pxReadyTasksLists
                0x000000002000634c      0x168 ./amazon-freertos/freertos_kernel/tasks.o
 .bss.xDelayedTaskList1
                0x00000000200064b4       0x14 ./amazon-freertos/freertos_kernel/tasks.o
 .bss.xDelayedTaskList2
                0x00000000200064c8       0x14 ./amazon-freertos/freertos_kernel/tasks.o
 .bss.pxDelayedTaskList
                0x00000000200064dc        0x4 ./amazon-freertos/freertos_kernel/tasks.o
 .bss.pxOverflowDelayedTaskList
                0x00000000200064e0        0x4 ./amazon-freertos/freertos_kernel/tasks.o
 .bss.xPendingReadyList
                0x00000000200064e4       0x14 ./amazon-freertos/freertos_kernel/tasks.o
 .bss.xTasksWaitingTermination
                0x00000000200064f8       0x14 ./amazon-freertos/freertos_kernel/tasks.o
 .bss.uxDeletedTasksWaitingCleanUp
                0x000000002000650c        0x4 ./amazon-freertos/freertos_kernel/tasks.o
 .bss.xSuspendedTaskList
                0x0000000020006510       0x14 ./amazon-freertos/freertos_kernel/tasks.o
 .bss.uxCurrentNumberOfTasks
                0x0000000020006524        0x4 ./amazon-freertos/freertos_kernel/tasks.o
 .bss.xTickCount
                0x0000000020006528        0x4 ./amazon-freertos/freertos_kernel/tasks.o
 .bss.uxTopReadyPriority
                0x000000002000652c        0x4 ./amazon-freertos/freertos_kernel/tasks.o
 .bss.xSchedulerRunning
                0x0000000020006530        0x4 ./amazon-freertos/freertos_kernel/tasks.o
 .bss.uxPendedTicks
                0x0000000020006534        0x4 ./amazon-freertos/freertos_kernel/tasks.o
 .bss.xYieldPending
                0x0000000020006538        0x4 ./amazon-freertos/freertos_kernel/tasks.o
 .bss.xNumOfOverflows
                0x000000002000653c        0x4 ./amazon-freertos/freertos_kernel/tasks.o
 .bss.uxTaskNumber
                0x0000000020006540        0x4 ./amazon-freertos/freertos_kernel/tasks.o
 .bss.xNextTaskUnblockTime
                0x0000000020006544        0x4 ./amazon-freertos/freertos_kernel/tasks.o
 .bss.xIdleTaskHandle
                0x0000000020006548        0x4 ./amazon-freertos/freertos_kernel/tasks.o
 .bss.uxSchedulerSuspended
                0x000000002000654c        0x4 ./amazon-freertos/freertos_kernel/tasks.o
 .bss.xActiveTimerList1
                0x0000000020006550       0x14 ./amazon-freertos/freertos_kernel/timers.o
 .bss.xActiveTimerList2
                0x0000000020006564       0x14 ./amazon-freertos/freertos_kernel/timers.o
 .bss.pxCurrentTimerList