usb_device_dci.c:111:21:USB_DeviceAllocateHandle	24	static
usb_device_dci.c:150:21:USB_DeviceFreeHandle	24	static
usb_device_dci.c:202:21:USB_DeviceGetControllerInterface	24	static
usb_device_dci.c:265:21:USB_DeviceTransfer	48	static
usb_device_dci.c:346:21:USB_DeviceControl	32	static
usb_device_dci.c:379:21:USB_DeviceResetNotification	24	static
usb_device_dci.c:578:21:USB_DeviceNotification	40	static
usb_device_dci.c:663:14:USB_DeviceNotificationTrigger	24	static
usb_device_dci.c:719:14:USB_DeviceInit	40	static
usb_device_dci.c:818:14:USB_DeviceRun	16	static
usb_device_dci.c:834:14:USB_DeviceStop	16	static
usb_device_dci.c:848:14:USB_DeviceDeinit	24	static
usb_device_dci.c:902:14:USB_DeviceSendRequest	24	static
usb_device_dci.c:934:14:USB_DeviceRecvRequest	24	static
usb_device_dci.c:954:14:USB_DeviceCancel	24	static
usb_device_dci.c:993:14:USB_DeviceInitEndpoint	32	static
usb_device_dci.c:1043:14:USB_DeviceDeinitEndpoint	24	static
usb_device_dci.c:1097:14:USB_DeviceStallEndpoint	16	static
usb_device_dci.c:1122:14:USB_DeviceUnstallEndpoint	16	static
usb_device_dci.c:1149:14:USB_DeviceGetStatus	32	static
usb_device_dci.c:1212:14:USB_DeviceSetStatus	32	static
usb_device_dci.c:1349:6:USB_DeviceGetVersion	16	static
