usb_device_audio.c:98:21:USB_DeviceAudioAllocateHandle	24	static
usb_device_audio.c:126:21:USB_DeviceAudioFreeHandle	24	static
usb_device_audio.c:153:14:USB_DeviceAudioInterruptIn	32	static
usb_device_audio.c:193:14:USB_DeviceAudioIsochronousIn	32	static
usb_device_audio.c:232:14:USB_DeviceAudioIsochronousOut	32	static
usb_device_audio.c:267:14:USB_DeviceAudioStreamEndpointsInit	56	static
usb_device_audio.c:358:14:USB_DeviceAudioStreamEndpointsDeinit	40	static
usb_device_audio.c:412:14:USB_DeviceAudioControlEndpointsInit	56	static
usb_device_audio.c:503:14:USB_DeviceAudioControlEndpointsDeinit	24	static
usb_device_audio.c:533:14:USB_DeviceAudioGetCurAudioFeatureUnit	32	static
usb_device_audio.c:597:14:USB_DeviceAudioGetMinAudioFeatureUnit	32	static
usb_device_audio.c:648:14:USB_DeviceAudioGetMaxAudioFeatureUnit	32	static
usb_device_audio.c:699:14:USB_DeviceAudioGetResAudioFeatureUnit	32	static
usb_device_audio.c:751:14:USB_DeviceAudioSetControlTerminal	24	static
usb_device_audio.c:770:14:USB_DeviceAudioSetCurAudioFeatureUnit	32	static
usb_device_audio.c:832:14:USB_DeviceAudioSetMinAudioFeatureUnit	32	static
usb_device_audio.c:882:14:USB_DeviceAudioSetMaxAudioFeatureUnit	32	static
usb_device_audio.c:932:14:USB_DeviceAudioSetResAudioFeatureUnit	32	static
usb_device_audio.c:981:14:USB_DeviceAudioSetFeatureUnit	24	static
usb_device_audio.c:1017:14:USB_DeviceAudioSetRequestEndpoint	32	static
usb_device_audio.c:1094:14:USB_DeviceAudioGetRequestEndpoint	32	static
usb_device_audio.c:1171:14:USB_DeviceAudioGetControlTerminal	24	static
usb_device_audio.c:1190:14:USB_DeviceAudioGetFeatureUnit	24	static
usb_device_audio.c:1226:14:USB_DeviceAudioSetRequestInterface	32	static
usb_device_audio.c:1268:14:USB_DeviceAudioGetRequestInterface	32	static
usb_device_audio.c:1311:14:USB_DeviceAudioEvent	56	static
usb_device_audio.c:1670:14:USB_DeviceAudioInit	32	static
usb_device_audio.c:1715:14:USB_DeviceAudioDeinit	24	static
usb_device_audio.c:1753:14:USB_DeviceAudioSend	32	static
usb_device_audio.c:1799:14:USB_DeviceAudioRecv	32	static
