core_cm33.h:2127:22:__NVIC_EnableIRQ	16	static
core_cm33.h:2216:22:__NVIC_ClearPendingIRQ	16	static
core_cm33.h:2322:22:__NVIC_SetPriority	16	static
fsl_clock.h:722:20:CLOCK_EnableClock	24	static
fsl_clock.h:732:20:CLOCK_DisableClock	24	static
fsl_common.h:460:28:EnableIRQ	16	static
fsl_dma.h:413:20:DMA_EnableChannel	16	static
fsl_dma.h:494:20:DMA_SetChannelPriority	24	static
fsl_power.h:321:20:POWER_DisablePD	16	static
audio_speaker2.c:235:6:BOARD_DMA_EDMA_Set_AudioFormat	4	static
audio_speaker2.c:240:6:BOARD_DMA_EDMA_Enable_Audio_Interrupts	4	static
audio_speaker2.c:246:6:BOARD_Codec_Init	8	static
audio_speaker2.c:252:6:I2S_USB_Audio_TxInit	16	static
audio_speaker2.c:276:6:BOARD_USB_Audio_TxInit	16	static
audio_speaker2.c:281:13:TxCallback	24	static
audio_speaker2.c:310:6:BOARD_DMA_EDMA_Config	8	static
audio_speaker2.c:318:6:BOARD_Create_Audio_DMA_EDMA_Handle	8	static
audio_speaker2.c:323:6:BOARD_DMA_EDMA_Start	16	static
audio_speaker2.c:336:6:Init_Board_Audio	8	static
audio_speaker2.c:348:6:USB0_IRQHandler	8	static
audio_speaker2.c:359:6:USB_DeviceClockInit	16	static
audio_speaker2.c:386:6:USB_DeviceIsrEnable	16	static
audio_speaker2.c:424:14:USB_DeviceAudioRequest	40	static
audio_speaker2.c:784:10:USB_AudioSpeakerBufferSpaceUsed	4	static
audio_speaker2.c:804:6:USB_AudioFeedbackDataUpdate	8	static
audio_speaker2.c:856:6:USB_AudioSpeakerPutBuffer	16	static
audio_speaker2.c:883:14:USB_DeviceAudioCallback	40	static
audio_speaker2.c:945:6:USB_DeviceAudioSpeakerStatusReset	4	static
audio_speaker2.c:980:14:USB_DeviceCallback	40	static
audio_speaker2.c:1130:6:USB_DeviceApplicationInit	8	static
audio_speaker2.c:1161:6:USB_AudioCodecTask	8	static
audio_speaker2.c:1194:6:USB_AudioSpeakerResetTask	8	static
audio_speaker2.c:1219:6:APPTask	16	static
audio_speaker2.c:1249:5:main	48	static
