core_cm33.h:2127:22:__NVIC_EnableIRQ	16	static
core_cm33.h:2216:22:__NVIC_ClearPendingIRQ	16	static
fsl_clock.h:722:20:CLOCK_EnableClock	24	static
fsl_common.h:460:28:EnableIRQ	16	static
fsl_dma.h:413:20:DMA_EnableChannel	16	static
fsl_dma.h:494:20:DMA_SetChannelPriority	24	static
audio_speaker.c:218:6:BOARD_DMA_EDMA_Set_AudioFormat	4	static
audio_speaker.c:223:6:BOARD_DMA_EDMA_Enable_Audio_Interrupts	4	static
audio_speaker.c:229:6:BOARD_Codec_Init	8	static
audio_speaker.c:235:6:I2S_USB_Audio_TxInit	16	static
audio_speaker.c:259:6:BOARD_USB_Audio_TxInit	16	static
audio_speaker.c:264:13:TxCallback	24	static
audio_speaker.c:293:6:BOARD_DMA_EDMA_Config	8	static
audio_speaker.c:301:6:BOARD_Create_Audio_DMA_EDMA_Handle	8	static
audio_speaker.c:306:6:BOARD_DMA_EDMA_Start	16	static
audio_speaker.c:319:6:Init_Board_Audio	16	static
audio_speaker.c:370:6:APPTask	16	static
audio_speaker.c:377:5:main	48	static
